Component: ARM Compiler 5.06 update 7 (build 960) Tool: armlink [4d3601]

==============================================================================

Section Cross References

    startup_stm32f103xb.o(STACK) refers (Special) to heapauxi.o(.text) for __use_two_region_memory
    startup_stm32f103xb.o(HEAP) refers (Special) to heapauxi.o(.text) for __use_two_region_memory
    startup_stm32f103xb.o(RESET) refers (Special) to heapauxi.o(.text) for __use_two_region_memory
    startup_stm32f103xb.o(RESET) refers to startup_stm32f103xb.o(STACK) for __initial_sp
    startup_stm32f103xb.o(RESET) refers to startup_stm32f103xb.o(.text) for Reset_Handler
    startup_stm32f103xb.o(RESET) refers to stm32f1xx_it.o(i.NMI_Handler) for NMI_Handler
    startup_stm32f103xb.o(RESET) refers to stm32f1xx_it.o(i.HardFault_Handler) for HardFault_Handler
    startup_stm32f103xb.o(RESET) refers to stm32f1xx_it.o(i.MemManage_Handler) for MemManage_Handler
    startup_stm32f103xb.o(RESET) refers to stm32f1xx_it.o(i.BusFault_Handler) for BusFault_Handler
    startup_stm32f103xb.o(RESET) refers to stm32f1xx_it.o(i.UsageFault_Handler) for UsageFault_Handler
    startup_stm32f103xb.o(RESET) refers to stm32f1xx_it.o(i.SVC_Handler) for SVC_Handler
    startup_stm32f103xb.o(RESET) refers to stm32f1xx_it.o(i.DebugMon_Handler) for DebugMon_Handler
    startup_stm32f103xb.o(RESET) refers to stm32f1xx_it.o(i.PendSV_Handler) for PendSV_Handler
    startup_stm32f103xb.o(RESET) refers to stm32f1xx_it.o(i.SysTick_Handler) for SysTick_Handler
    startup_stm32f103xb.o(RESET) refers to stm32f1xx_it.o(i.EXTI9_5_IRQHandler) for EXTI9_5_IRQHandler
    startup_stm32f103xb.o(RESET) refers to stm32f1xx_it.o(i.USART2_IRQHandler) for USART2_IRQHandler
    startup_stm32f103xb.o(.text) refers (Special) to heapauxi.o(.text) for __use_two_region_memory
    startup_stm32f103xb.o(.text) refers to system_stm32f1xx.o(i.SystemInit) for SystemInit
    startup_stm32f103xb.o(.text) refers to __main.o(!!!main) for __main
    startup_stm32f103xb.o(.text) refers to startup_stm32f103xb.o(HEAP) for Heap_Mem
    startup_stm32f103xb.o(.text) refers to startup_stm32f103xb.o(STACK) for Stack_Mem
    maikong.o(i.Maikong_Init) refers to stm32f1xx_hal_adc_ex.o(i.HAL_ADCEx_Calibration_Start) for HAL_ADCEx_Calibration_Start
    maikong.o(i.Maikong_Init) refers to adc.o(.bss) for hadc2
    maikong.o(i.Volume_Get) refers to stm32f1xx_hal_adc.o(i.HAL_ADC_Start) for HAL_ADC_Start
    maikong.o(i.Volume_Get) refers to stm32f1xx_hal_adc.o(i.HAL_ADC_PollForConversion) for HAL_ADC_PollForConversion
    maikong.o(i.Volume_Get) refers to stm32f1xx_hal_adc.o(i.HAL_ADC_GetValue) for HAL_ADC_GetValue
    maikong.o(i.Volume_Get) refers to stm32f1xx_hal_adc.o(i.HAL_ADC_Stop) for HAL_ADC_Stop
    maikong.o(i.Volume_Get) refers to adc.o(.bss) for hadc2
    delay.o(i.Delay_US) refers to stm32f1xx_hal_tim.o(i.HAL_TIM_Base_Start) for HAL_TIM_Base_Start
    delay.o(i.Delay_US) refers to stm32f1xx_hal_tim.o(i.HAL_TIM_Base_Stop) for HAL_TIM_Base_Stop
    delay.o(i.Delay_US) refers to tim.o(.bss) for htim2
    dht11.o(i.DHT11_Get) refers to stm32f1xx_hal_gpio.o(i.HAL_GPIO_Init) for HAL_GPIO_Init
    dht11.o(i.DHT11_Get) refers to stm32f1xx_hal_gpio.o(i.HAL_GPIO_WritePin) for HAL_GPIO_WritePin
    dht11.o(i.DHT11_Get) refers to stm32f1xx_hal.o(i.HAL_Delay) for HAL_Delay
    dht11.o(i.DHT11_Get) refers to delay.o(i.Delay_US) for Delay_US
    dht11.o(i.DHT11_Get) refers to stm32f1xx_hal_gpio.o(i.HAL_GPIO_ReadPin) for HAL_GPIO_ReadPin
    dht11.o(i.DHT11_Get) refers to dflt_clz.o(x$fpl$dfltu) for __aeabi_ui2d
    dht11.o(i.DHT11_Get) refers to ddiv.o(x$fpl$ddiv) for __aeabi_ddiv
    dht11.o(i.DHT11_Get) refers to daddsub_clz.o(x$fpl$dadd) for __aeabi_dadd
    dht11.o(i.DHT11_Get) refers to d2f.o(x$fpl$d2f) for __aeabi_d2f
    light.o(i.Light_Get) refers to stm32f1xx_hal_adc.o(i.HAL_ADC_Start) for HAL_ADC_Start
    light.o(i.Light_Get) refers to stm32f1xx_hal_adc.o(i.HAL_ADC_PollForConversion) for HAL_ADC_PollForConversion
    light.o(i.Light_Get) refers to stm32f1xx_hal_adc.o(i.HAL_ADC_GetValue) for HAL_ADC_GetValue
    light.o(i.Light_Get) refers to stm32f1xx_hal_adc.o(i.HAL_ADC_Stop) for HAL_ADC_Stop
    light.o(i.Light_Get) refers to adc.o(.bss) for hadc1
    light.o(i.Light_Init) refers to stm32f1xx_hal_adc_ex.o(i.HAL_ADCEx_Calibration_Start) for HAL_ADCEx_Calibration_Start
    light.o(i.Light_Init) refers to adc.o(.bss) for hadc1
    main.o(i.SystemClock_Config) refers to rt_memclr_w.o(.text) for __aeabi_memclr4
    main.o(i.SystemClock_Config) refers to stm32f1xx_hal_rcc.o(i.HAL_RCC_OscConfig) for HAL_RCC_OscConfig
    main.o(i.SystemClock_Config) refers to stm32f1xx_hal_rcc.o(i.HAL_RCC_ClockConfig) for HAL_RCC_ClockConfig
    main.o(i.SystemClock_Config) refers to stm32f1xx_hal_rcc_ex.o(i.HAL_RCCEx_PeriphCLKConfig) for HAL_RCCEx_PeriphCLKConfig
    main.o(i.main) refers to _printf_percent.o(.ARM.Collect$$_printf_percent$$00000000) for _printf_percent
[...]
    I2C_WaitOnBTFFlagUntilTimeout            0x08003839   Thumb Code    86  stm32f1xx_hal_i2c.o(i.I2C_WaitOnBTFFlagUntilTimeout)
    i.I2C_WaitOnFlagUntilTimeout             0x08003890   Section        0  stm32f1xx_hal_i2c.o(i.I2C_WaitOnFlagUntilTimeout)
    I2C_WaitOnFlagUntilTimeout               0x08003891   Thumb Code   144  stm32f1xx_hal_i2c.o(i.I2C_WaitOnFlagUntilTimeout)
    i.I2C_WaitOnMasterAddressFlagUntilTimeout 0x08003920   Section        0  stm32f1xx_hal_i2c.o(i.I2C_WaitOnMasterAddressFlagUntilTimeout)
    I2C_WaitOnMasterAddressFlagUntilTimeout  0x08003921   Thumb Code   188  stm32f1xx_hal_i2c.o(i.I2C_WaitOnMasterAddressFlagUntilTimeout)
    i.I2C_WaitOnRXNEFlagUntilTimeout         0x080039dc   Section        0  stm32f1xx_hal_i2c.o(i.I2C_WaitOnRXNEFlagUntilTimeout)
    I2C_WaitOnRXNEFlagUntilTimeout           0x080039dd   Thumb Code   112  stm32f1xx_hal_i2c.o(i.I2C_WaitOnRXNEFlagUntilTimeout)
    i.I2C_WaitOnTXEFlagUntilTimeout          0x08003a4c   Section        0  stm32f1xx_hal_i2c.o(i.I2C_WaitOnTXEFlagUntilTimeout)
    I2C_WaitOnTXEFlagUntilTimeout            0x08003a4d   Thumb Code    86  stm32f1xx_hal_i2c.o(i.I2C_WaitOnTXEFlagUntilTimeout)
    i.LED_Close                              0x08003aa4   Section        0  led.o(i.LED_Close)
    i.LED_Open                               0x08003ab4   Section        0  led.o(i.LED_Open)
    i.LED_PRO_Mode                           0x08003ac4   Section        0  led_pro.o(i.LED_PRO_Mode)
    i.LED_PRO_Open                           0x08003b60   Section        0  led_pro.o(i.LED_PRO_Open)
    i.LED_Pro_Init                           0x08003b84   Section        0  led_pro.o(i.LED_Pro_Init)
    i.Light_Get                              0x08003b90   Section        0  light.o(i.Light_Get)
    i.Light_Init                             0x08003bb8   Section        0  light.o(i.Light_Init)
    i.MX_ADC1_Init                           0x08003bc4   Section        0  adc.o(i.MX_ADC1_Init)
    i.MX_ADC2_Init                           0x08003c14   Section        0  adc.o(i.MX_ADC2_Init)
    i.MX_GPIO_Init                           0x08003c64   Section        0  gpio.o(i.MX_GPIO_Init)
    i.MX_I2C1_Init                           0x08003d08   Section        0  i2c.o(i.MX_I2C1_Init)
    i.MX_TIM2_Init                           0x08003d48   Section        0  tim.o(i.MX_TIM2_Init)
    i.MX_TIM3_Init                           0x08003dac   Section        0  tim.o(i.MX_TIM3_Init)
    i.MX_USART2_UART_Init                    0x08003e44   Section        0  usart.o(i.MX_USART2_UART_Init)
    i.Maikong_Init                           0x08003e88   Section        0  maikong.o(i.Maikong_Init)
    i.MemManage_Handler                      0x08003e94   Section        0  stm32f1xx_it.o(i.MemManage_Handler)
    i.NMI_Handler                            0x08003e96   Section        0  stm32f1xx_it.o(i.NMI_Handler)
    i.PendSV_Handler                         0x08003e98   Section        0  stm32f1xx_it.o(i.PendSV_Handler)
    i.SVC_Handler                            0x08003e9a   Section        0  stm32f1xx_it.o(i.SVC_Handler)
    i.Set_Mode                               0x08003e9c   Section        0  led_pro.o(i.Set_Mode)
    i.Set_Tick                               0x08003eac   Section        0  led_pro.o(i.Set_Tick)
    i.Set_hao                                0x08003ebc   Section        0  led_pro.o(i.Set_hao)
    i.SysTick_Handler                        0x08003ecc   Section        0  stm32f1xx_it.o(i.SysTick_Handler)
    i.SystemClock_Config                     0x08003ed0   Section        0  main.o(i.SystemClock_Config)
    i.SystemInit                             0x08003f48   Section        0  system_stm32f1xx.o(i.SystemInit)
    i.TIM_Base_SetConfig                     0x08003f4c   Section        0  stm32f1xx_hal_tim.o(i.TIM_Base_SetConfig)
    i.TIM_CCxChannelCmd                      0x08003fc4   Section        0  stm32f1xx_hal_tim.o(i.TIM_CCxChannelCmd)
    i.TIM_ETR_SetConfig                      0x08003fde   Section        0  stm32f1xx_hal_tim.o(i.TIM_ETR_SetConfig)
    i.TIM_ITRx_SetConfig                     0x08003ff2   Section        0  stm32f1xx_hal_tim.o(i.TIM_ITRx_SetConfig)
    TIM_ITRx_SetConfig                       0x08003ff3   Thumb Code    16  stm32f1xx_hal_tim.o(i.TIM_ITRx_SetConfig)
    i.TIM_OC1_SetConfig                      0x08004004   Section        0  stm32f1xx_hal_tim.o(i.TIM_OC1_SetConfig)
    TIM_OC1_SetConfig                        0x08004005   Thumb Code    74  stm32f1xx_hal_tim.o(i.TIM_OC1_SetConfig)
    i.TIM_OC2_SetConfig                      0x08004054   Section        0  stm32f1xx_hal_tim.o(i.TIM_OC2_SetConfig)
    i.TIM_OC3_SetConfig                      0x080040ac   Section        0  stm32f1xx_hal_tim.o(i.TIM_OC3_SetConfig)
    TIM_OC3_SetConfig                        0x080040ad   Thumb Code    82  stm32f1xx_hal_tim.o(i.TIM_OC3_SetConfig)
    i.TIM_OC4_SetConfig                      0x08004104   Section        0  stm32f1xx_hal_tim.o(i.TIM_OC4_SetConfig)
    TIM_OC4_SetConfig                        0x08004105   Thumb Code    64  stm32f1xx_hal_tim.o(i.TIM_OC4_SetConfig)
    i.TIM_TI1_ConfigInputStage               0x08004148   Section        0  stm32f1xx_hal_tim.o(i.TIM_TI1_ConfigInputStage)
    TIM_TI1_ConfigInputStage                 0x08004149   Thumb Code    34  stm32f1xx_hal_tim.o(i.TIM_TI1_ConfigInputStage)
    i.TIM_TI2_ConfigInputStage               0x0800416a   Section        0  stm32f1xx_hal_tim.o(i.TIM_TI2_ConfigInputStage)
    TIM_TI2_ConfigInputStage                 0x0800416b   Thumb Code    36  stm32f1xx_hal_tim.o(i.TIM_TI2_ConfigInputStage)
    i.UART_DMAAbortOnError                   0x0800418e   Section        0  stm32f1xx_hal_uart.o(i.UART_DMAAbortOnError)
    UART_DMAAbortOnError                     0x0800418f   Thumb Code    16  stm32f1xx_hal_uart.o(i.UART_DMAAbortOnError)
    i.UART_EndRxTransfer                     0x0800419e   Section        0  stm32f1xx_hal_uart.o(i.UART_EndRxTransfer)
    UART_EndRxTransfer                       0x0800419f   Thumb Code    78  stm32f1xx_hal_uart.o(i.UART_EndRxTransfer)
    i.UART_Receive_IT                        0x080041ec   Section        0  stm32f1xx_hal_uart.o(i.UART_Receive_IT)
    UART_Receive_IT                          0x080041ed   Thumb Code   194  stm32f1xx_hal_uart.o(i.UART_Receive_IT)
    i.UART_SetConfig                         0x080042b0   Section        0  stm32f1xx_hal_uart.o(i.UART_SetConfig)
    UART_SetConfig                           0x080042b1   Thumb Code   178  stm32f1xx_hal_uart.o(i.UART_SetConfig)
    i.UART_Start_Receive_IT                  0x08004368   Section        0  stm32f1xx_hal_uart.o(i.UART_Start_Receive_IT)
    i.UART_WaitOnFlagUntilTimeout            0x0800439e   Section        0  stm32f1xx_hal_uart.o(i.UART_WaitOnFlagUntilTimeout)
    UART_WaitOnFlagUntilTimeout              0x0800439f   Thumb Code   114  stm32f1xx_hal_uart.o(i.UART_WaitOnFlagUntilTimeout)
    i.USART2_IRQHandler                      0x08004410   Section        0  stm32f1xx_it.o(i.USART2_IRQHandler)
    i.UsageFault_Handler                     0x0800441c   Section        0  stm32f1xx_it.o(i.UsageFault_Handler)
    i.Volume_Get                             0x08004420   Section        0  maikong.o(i.Volume_Get)
    i.__ARM_fpclassify                       0x08004448   Section        0  fpclassify.o(i.__ARM_fpclassify)
    i.__NVIC_SetPriority                     0x08004470   Section        0  stm32f1xx_hal_cortex.o(i.__NVIC_SetPriority)
    __NVIC_SetPriority                       0x08004471   Thumb Code    32  stm32f1xx_hal_cortex.o(i.__NVIC_SetPriority)
    i.__ieee754_rem_pio2                     0x08004490   Section        0  rred.o(i.__ieee754_rem_pio2)
    i.__kernel_cos                           0x08004818   Section        0  cos_i.o(i.__kernel_cos)
    i.__kernel_poly                          0x08004914   Section        0  poly.o(i.__kernel_poly)
    i.__kernel_sin                           0x080049c0   Section        0  sin_i.o(i.__kernel_sin)
    i.__mathlib_dbl_infnan                   0x08004aac   Section        0  dunder.o(i.__mathlib_dbl_infnan)
    i.__mathlib_dbl_invalid                  0x08004ab2   Section        0  dunder.o(i.__mathlib_dbl_invalid)
    i.__mathlib_dbl_underflow                0x08004ac0   Section        0  dunder.o(i.__mathlib_dbl_underflow)
    i._is_digit                              0x08004ad0   Section        0  __printf_wp.o(i._is_digit)
    i.main                                   0x08004ae0   Section        0  main.o(i.main)
    i.sin                                    0x08004c64   Section        0  sin.o(i.sin)
    locale$$code                             0x08004d04   Section       44  lc_numeric_c.o(locale$$code)
    x$fpl$d2f                                0x08004d30   Section       98  d2f.o(x$fpl$d2f)
    x$fpl$dadd                               0x08004d94   Section      336  daddsub_clz.o(x$fpl$dadd)
    _dadd1                                   0x08004da5   Thumb Code     0  daddsub_clz.o(x$fpl$dadd)
    x$fpl$dcheck1                            0x08004ee4   Section       16  dcheck1.o(x$fpl$dcheck1)
    x$fpl$ddiv                               0x08004ef4   Section      688  ddiv.o(x$fpl$ddiv)
    ddiv_entry                               0x08004efb   Thumb Code     0  ddiv.o(x$fpl$ddiv)
    x$fpl$dfix                               0x080051a4   Section       94  dfix.o(x$fpl$dfix)
    x$fpl$dflt                               0x08005202   Section       46  dflt_clz.o(x$fpl$dflt)
    x$fpl$dfltu                              0x08005230   Section       38  dflt_clz.o(x$fpl$dfltu)
    x$fpl$dmul                               0x08005258   Section      340  dmul.o(x$fpl$dmul)
    x$fpl$dnaninf                            0x080053ac   Section      156  dnaninf.o(x$fpl$dnaninf)
    x$fpl$dretinf                            0x08005448   Section       12  dretinf.o(x$fpl$dretinf)
    x$fpl$drsb                               0x08005454   Section       22  daddsub_clz.o(x$fpl$drsb)
    x$fpl$dsub                               0x0800546c   Section      468  daddsub_clz.o(x$fpl$dsub)
    _dsub1                                   0x0800547d   Thumb Code     0  daddsub_clz.o(x$fpl$dsub)
    x$fpl$f2d                                0x08005640   Section       86  f2d.o(x$fpl$f2d)
    x$fpl$ffixu                              0x08005698   Section       62  ffixu.o(x$fpl$ffixu)
    x$fpl$fmul                               0x080056d8   Section      258  fmul.o(x$fpl$fmul)
    x$fpl$fnaninf                            0x080057da   Section      140  fnaninf.o(x$fpl$fnaninf)
    x$fpl$fretinf                            0x08005866   Section       10  fretinf.o(x$fpl$fretinf)
    x$fpl$printf1                            0x08005870   Section        4  printf1.o(x$fpl$printf1)
    x$fpl$retnan                             0x08005874   Section      100  retnan.o(x$fpl$retnan)
    x$fpl$scalbn                             0x080058d8   Section       92  scalbn.o(x$fpl$scalbn)
    x$fpl$trapveneer                         0x08005934   Section       48  trapv.o(x$fpl$trapveneer)
    .constdata                               0x08005964   Section       18  stm32f1xx_hal_rcc.o(.constdata)
    x$fpl$usenofp                            0x08005964   Section        0  usenofp.o(x$fpl$usenofp)
    aPredivFactorTable                       0x08005964   Data           2  stm32f1xx_hal_rcc.o(.constdata)
    aPLLMULFactorTable                       0x08005966   Data          16  stm32f1xx_hal_rcc.o(.constdata)
    .constdata                               0x08005976   Section       18  stm32f1xx_hal_rcc_ex.o(.constdata)
    aPredivFactorTable                       0x08005976   Data           2  stm32f1xx_hal_rcc_ex.o(.constdata)
    aPLLMULFactorTable                       0x08005978   Data          16  stm32f1xx_hal_rcc_ex.o(.constdata)
    .constdata                               0x08005988   Section       16  system_stm32f1xx.o(.constdata)
    .constdata                               0x08005998   Section        8  system_stm32f1xx.o(.constdata)
    .constdata                               0x080059a0   Section       48  cos_i.o(.constdata)
    C                                        0x080059a0   Data          48  cos_i.o(.constdata)
    .constdata                               0x080059d0   Section      200  rred.o(.constdata)
    pio2s                                    0x080059d0   Data          48  rred.o(.constdata)
    twooverpi                                0x08005a00   Data         152  rred.o(.constdata)
    .constdata                               0x08005a98   Section       40  sin_i.o(.constdata)
    S                                        0x08005a98   Data          40  sin_i.o(.constdata)
    .constdata                               0x08005ac0   Section      148  bigflt0.o(.constdata)
    tenpwrs_x                                0x08005ac0   Data          60  bigflt0.o(.constdata)
    tenpwrs_i                                0x08005afc   Data          64  bigflt0.o(.constdata)
    locale$$data                             0x08005b74   Section       28  lc_numeric_c.o(locale$$data)
    __lcnum_c_name                           0x08005b78   Data           2  lc_numeric_c.o(locale$$data)
    __lcnum_c_start                          0x08005b80   Data           0  lc_numeric_c.o(locale$$data)
    __lcnum_c_point                          0x08005b8c   Data           0  lc_numeric_c.o(locale$$data)
    __lcnum_c_thousands                      0x08005b8e   Data           0  lc_numeric_c.o(locale$$data)
    __lcnum_c_grouping                       0x08005b8f   Data           0  lc_numeric_c.o(locale$$data)
    __lcnum_c_end                            0x08005b90   Data           0  lc_numeric_c.o(locale$$data)
    .data                                    0x20000000   Section        1  usart.o(.data)
    temp                                     0x20000000   Data           1  usart.o(.data)
    .data                                    0x20000001   Section        3  led_pro.o(.data)
    LED_Pro_hao                              0x20000001   Data           1  led_pro.o(.data)
    LED_Pro_mode                             0x20000002   Data           1  led_pro.o(.data)
    LED_Pro_tick                             0x20000003   Data           1  led_pro.o(.data)
    .data                                    0x20000004   Section       12  stm32f1xx_hal.o(.data)
    .data                                    0x20000010   Section        4  system_stm32f1xx.o(.data)
    .bss                                     0x20000014   Section       96  adc.o(.bss)
    .bss                                     0x20000074   Section       84  i2c.o(.bss)
    .bss                                     0x200000c8   Section      144  tim.o(.bss)
    .bss                                     0x20000158   Section       72  usart.o(.bss)
    .bss                                     0x200001a0   Section       96  libspace.o(.bss)
    HEAP                                     0x20000200   Section      512  startup_stm32f103xb.o(HEAP)
    Heap_Mem                                 0x20000200   Data         512  startup_stm32f103xb.o(HEAP)
    STACK                                    0x20000400   Section     1024  startup_stm32f103xb.o(STACK)
    Stack_Mem                                0x20000400   Data        1024  startup_stm32f103xb.o(STACK)
    __initial_sp                             0x20000800   Data           0  startup_stm32f103xb.o(STACK)

    Global Symbols

    Symbol Name                              Value     Ov Type        Size  Object(Section)

    BuildAttributes$$THM_ISAv4$P$D$K$B$S$PE$A:L22UL41UL21$X:L11$S22US41US21$IEEE1$IW$USESV6$~STKCKD$USESV7$~SHL$OTIME$ROPI$IEEEX$EBA8$UX$STANDARDLIB$REQ8$PRES8$EABIv2 0x00000000   Number         0  anon$$obj.o ABSOLUTE
    __ARM_use_no_argv                        0x00000000   Number         0  main.o ABSOLUTE
    _printf_flags                            0x00000000   Number         0  printf_stubs.o ABSOLUTE
    _printf_return_value                     0x00000000   Number         0  printf_stubs.o ABSOLUTE
    _printf_sizespec                         0x00000000   Number         0  printf_stubs.o ABSOLUTE
    _printf_widthprec                        0x00000000   Number         0  printf_stubs.o ABSOLUTE
    __ARM_exceptions_init                     - Undefined Weak Reference
    __alloca_initialize                       - Undefined Weak Reference
    __arm_fini_                               - Undefined Weak Reference
    __arm_preinit_                            - Undefined Weak Reference
    __cpp_initialize__aeabi_                  - Undefined Weak Reference
    __cxa_finalize                            - Undefined Weak Reference
    __sigvec_lookup                           - Undefined Weak Reference
    _atexit_init                              - Undefined Weak Reference
    _call_atexit_fns                          - Undefined Weak Reference
    _clock_init                               - Undefined Weak Reference
    _fp_trap_init                             - Undefined Weak Reference
    _fp_trap_shutdown                         - Undefined Weak Reference
    _get_lc_collate                           - Undefined Weak Reference
    _get_lc_ctype                             - Undefined Weak Reference
    _get_lc_monetary                          - Undefined Weak Reference
    _get_lc_time                              - Undefined Weak Reference
    _getenv_init                              - Undefined Weak Reference
    _handle_redirection                       - Undefined Weak Reference
    _init_alloc                               - Undefined Weak Reference
    _init_user_alloc                          - Undefined Weak Reference
    _initio                                   - Undefined Weak Reference
    _printf_mbtowc                            - Undefined Weak Reference
    _printf_post_padding                      - Undefined Weak Reference
    _printf_pre_padding                       - Undefined Weak Reference
    _printf_truncate_signed                   - Undefined Weak Reference
    _printf_truncate_unsigned                 - Undefined Weak Reference
    _rand_init                                - Undefined Weak Reference
    _signal_finish                            - Undefined Weak Reference
    _signal_init                              - Undefined Weak Reference
    _terminate_alloc                          - Undefined Weak Reference
    _terminate_user_alloc                     - Undefined Weak Reference
    _terminateio                              - Undefined Weak Reference
    __Vectors_Size                           0x000000ec   Number         0  startup_stm32f103xb.o ABSOLUTE
    __Vectors                                0x08000000   Data           4  startup_stm32f103xb.o(RESET)
    __Vectors_End                            0x080000ec   Data           0  startup_stm32f103xb.o(RESET)
    __main                                   0x080000ed   Thumb Code     8  __main.o(!!!main)
    __scatterload                            0x080000f5   Thumb Code     0  __scatter.o(!!!scatter)
    __scatterload_rt2                        0x080000f5   Thumb Code    44  __scatter.o(!!!scatter)
    __scatterload_rt2_thumb_only             0x080000f5   Thumb Code     0  __scatter.o(!!!scatter)
    __scatterload_null                       0x08000103   Thumb Code     0  __scatter.o(!!!scatter)
    __scatterload_copy                       0x08000129   Thumb Code    26  __scatter_copy.o(!!handler_copy)
    __scatterload_zeroinit                   0x08000145   Thumb Code    28  __scatter_zi.o(!!handler_zi)
    _printf_f                                0x08000161   Thumb Code     0  _printf_f.o(.ARM.Collect$$_printf_percent$$00000003)
    _printf_percent                          0x08000161   Thumb Code     0  _printf_percent.o(.ARM.Collect$$_printf_percent$$00000000)
    _printf_u                                0x08000167   Thumb Code     0  _printf_u.o(.ARM.Collect$$_printf_percent$$0000000A)
    _printf_s                                0x0800016d   Thumb Code     0  _printf_s.o(.ARM.Collect$$_printf_percent$$00000014)
    _printf_percent_end                      0x08000173   Thumb Code     0  _printf_percent_end.o(.ARM.Collect$$_printf_percent$$00000017)
    __rt_lib_init                            0x08000177   Thumb Code     0  libinit.o(.ARM.Collect$$libinit$$00000000)
    __rt_lib_init_fp_1                       0x08000179   Thumb Code     0  libinit2.o(.ARM.Collect$$libinit$$00000002)
    __rt_lib_init_heap_1                     0x08000179   Thumb Code     0  libinit2.o(.ARM.Collect$$libinit$$0000000A)
    __rt_lib_init_lc_common                  0x08000179   Thumb Code     0  libinit2.o(.ARM.Collect$$libinit$$0000000F)
    __rt_lib_init_preinit_1                  0x08000179   Thumb Code     0  libinit2.o(.ARM.Collect$$libinit$$00000004)
    __rt_lib_init_rand_1                     0x08000179   Thumb Code     0  libinit2.o(.ARM.Collect$$libinit$$0000000E)
    __rt_lib_init_user_alloc_1               0x08000179   Thumb Code     0  libinit2.o(.ARM.Collect$$libinit$$0000000C)
    __rt_lib_init_lc_collate_1               0x0800017f   Thumb Code     0  libinit2.o(.ARM.Collect$$libinit$$00000011)
    __rt_lib_init_lc_ctype_1                 0x0800017f   Thumb Code     0  libinit2.o(.ARM.Collect$$libinit$$00000013)
    __rt_lib_init_lc_monetary_1              0x0800017f   Thumb Code     0  libinit2.o(.ARM.Collect$$libinit$$00000015)
    __rt_lib_init_lc_numeric_2               0x0800017f   Thumb Code     0  libinit2.o(.ARM.Collect$$libinit$$00000016)
    __rt_lib_init_alloca_1                   0x08000189   Thumb Code     0  libinit2.o(.ARM.Collect$$libinit$$0000002E)
    __rt_lib_init_argv_1                     0x08000189   Thumb Code     0  libinit2.o(.ARM.Collect$$libinit$$0000002C)
    __rt_lib_init_atexit_1                   0x08000189   Thumb Code     0  libinit2.o(.ARM.Collect$$libinit$$0000001B)
    __rt_lib_init_clock_1                    0x08000189   Thumb Code     0  libinit2.o(.ARM.Collect$$libinit$$00000021)
    __rt_lib_init_cpp_1                      0x08000189   Thumb Code     0  libinit2.o(.ARM.Collect$$libinit$$00000032)
    __rt_lib_init_exceptions_1               0x08000189   Thumb Code     0  libinit2.o(.ARM.Collect$$libinit$$00000030)
    __rt_lib_init_fp_trap_1                  0x08000189   Thumb Code     0  libinit2.o(.ARM.Collect$$libinit$$0000001F)
    __rt_lib_init_getenv_1                   0x08000189   Thumb Code     0  libinit2.o(.ARM.Collect$$libinit$$00000023)
    __rt_lib_init_lc_numeric_1               0x08000189   Thumb Code     0  libinit2.o(.ARM.Collect$$libinit$$00000017)
    __rt_lib_init_lc_time_1                  0x08000189   Thumb Code     0  libinit2.o(.ARM.Collect$$libinit$$00000019)
    __rt_lib_init_return                     0x08000189   Thumb Code     0  libinit2.o(.ARM.Collect$$libinit$$00000033)
    __rt_lib_init_signal_1                   0x08000189   Thumb Code     0  libinit2.o(.ARM.Collect$$libinit$$0000001D)
    __rt_lib_init_stdio_1                    0x08000189   Thumb Code     0  libinit2.o(.ARM.Collect$$libinit$$00000025)
    __rt_lib_shutdown                        0x0800018b   Thumb Code     0  libshutdown.o(.ARM.Collect$$libshutdown$$00000000)
    __rt_lib_shutdown_cpp_1                  0x0800018d   Thumb Code     0  libshutdown2.o(.ARM.Collect$$libshutdown$$00000004)
    __rt_lib_shutdown_fini_1                 0x0800018d   Thumb Code     0  libshutdown2.o(.ARM.Collect$$libshutdown$$00000002)
    __rt_lib_shutdown_fp_trap_1              0x0800018d   Thumb Code     0  libshutdown2.o(.ARM.Collect$$libshutdown$$00000009)
    __rt_lib_shutdown_heap_1                 0x0800018d   Thumb Code     0  libshutdown2.o(.ARM.Collect$$libshutdown$$00000011)
    __rt_lib_shutdown_return                 0x0800018d   Thumb Code     0  libshutdown2.o(.ARM.Collect$$libshutdown$$00000012)
    __rt_lib_shutdown_signal_1               0x0800018d   Thumb Code     0  libshutdown2.o(.ARM.Collect$$libshutdown$$0000000C)
    __rt_lib_shutdown_stdio_1                0x0800018d   Thumb Code     0  libshutdown2.o(.ARM.Collect$$libshutdown$$00000006)
    __rt_lib_shutdown_user_alloc_1           0x0800018d   Thumb Code     0  libshutdown2.o(.ARM.Collect$$libshutdown$$0000000E)
    __rt_entry                               0x0800018f   Thumb Code     0  __rtentry.o(.ARM.Collect$$rtentry$$00000000)
    __rt_entry_presh_1                       0x0800018f   Thumb Code     0  __rtentry2.o(.ARM.Collect$$rtentry$$00000002)
    __rt_entry_sh                            0x0800018f   Thumb Code     0  __rtentry4.o(.ARM.Collect$$rtentry$$00000004)
    __rt_entry_li                            0x08000195   Thumb Code     0  __rtentry2.o(.ARM.Collect$$rtentry$$0000000A)
    __rt_entry_postsh_1                      0x08000195   Thumb Code     0  __rtentry2.o(.ARM.Collect$$rtentry$$00000009)
    __rt_entry_main                          0x08000199   Thumb Code     0  __rtentry2.o(.ARM.Collect$$rtentry$$0000000D)
    __rt_entry_postli_1                      0x08000199   Thumb Code     0  __rtentry2.o(.ARM.Collect$$rtentry$$0000000C)
    __rt_exit                                0x080001a1   Thumb Code     0  rtexit.o(.ARM.Collect$$rtexit$$00000000)
    __rt_exit_ls                             0x080001a3   Thumb Code     0  rtexit2.o(.ARM.Collect$$rtexit$$00000003)
    __rt_exit_prels_1                        0x080001a3   Thumb Code     0  rtexit2.o(.ARM.Collect$$rtexit$$00000002)
    __rt_exit_exit                           0x080001a7   Thumb Code     0  rtexit2.o(.ARM.Collect$$rtexit$$00000004)
    Reset_Handler                            0x080001ad   Thumb Code     8  startup_stm32f103xb.o(.text)
    ADC1_2_IRQHandler                        0x080001c7   Thumb Code     0  startup_stm32f103xb.o(.text)
    CAN1_RX1_IRQHandler                      0x080001c7   Thumb Code     0  startup_stm32f103xb.o(.text)
    CAN1_SCE_IRQHandler                      0x080001c7   Thumb Code     0  startup_stm32f103xb.o(.text)
    DMA1_Channel1_IRQHandler                 0x080001c7   Thumb Code     0  startup_stm32f103xb.o(.text)
    DMA1_Channel2_IRQHandler                 0x080001c7   Thumb Code     0  startup_stm32f103xb.o(.text)
    DMA1_Channel3_IRQHandler                 0x080001c7   Thumb Code     0  startup_stm32f103xb.o(.text)
    DMA1_Channel4_IRQHandler                 0x080001c7   Thumb Code     0  startup_stm32f103xb.o(.text)
    DMA1_Channel5_IRQHandler                 0x080001c7   Thumb Code     0  startup_stm32f103xb.o(.text)
    DMA1_Channel6_IRQHandler                 0x080001c7   Thumb Code     0  startup_stm32f103xb.o(.text)
    DMA1_Channel7_IRQHandler                 0x080001c7   Thumb Code     0  startup_stm32f103xb.o(.text)
    EXTI0_IRQHandler                         0x080001c7   Thumb Code     0  startup_stm32f103xb.o(.text)
    EXTI15_10_IRQHandler                     0x080001c7   Thumb Code     0  startup_stm32f103xb.o(.text)
    EXTI1_IRQHandler                         0x080001c7   Thumb Code     0  startup_stm32f103xb.o(.text)
    EXTI2_IRQHandler                         0x080001c7   Thumb Code     0  startup_stm32f103xb.o(.text)
    EXTI3_IRQHandler                         0x080001c7   Thumb Code     0  startup_stm32f103xb.o(.text)
    EXTI4_IRQHandler                         0x080001c7   Thumb Code     0  startup_stm32f103xb.o(.text)
    FLASH_IRQHandler                         0x080001c7   Thumb Code     0  startup_stm32f103xb.o(.text)
    I2C1_ER_IRQHandler                       0x080001c7   Thumb Code     0  startup_stm32f103xb.o(.text)
    I2C1_EV_IRQHandler                       0x080001c7   Thumb Code     0  startup_stm32f103xb.o(.text)
    I2C2_ER_IRQHandler                       0x080001c7   Thumb Code     0  startup_stm32f103xb.o(.text)
    I2C2_EV_IRQHandler                       0x080001c7   Thumb Code     0  startup_stm32f103xb.o(.text)
    PVD_IRQHandler                           0x080001c7   Thumb Code     0  startup_stm32f103xb.o(.text)
    RCC_IRQHandler                           0x080001c7   Thumb Code     0  startup_stm32f103xb.o(.text)
    RTC_Alarm_IRQHandler                     0x080001c7   Thumb Code     0  startup_stm32f103xb.o(.text)
    RTC_IRQHandler                           0x080001c7   Thumb Code     0  startup_stm32f103xb.o(.text)
    SPI1_IRQHandler                          0x080001c7   Thumb Code     0  startup_stm32f103xb.o(.text)
    SPI2_IRQHandler                          0x080001c7   Thumb Code     0  startup_stm32f103xb.o(.text)
    TAMPER_IRQHandler                        0x080001c7   Thumb Code     0  startup_stm32f103xb.o(.text)
    TIM1_BRK_IRQHandler                      0x080001c7   Thumb Code     0  startup_stm32f103xb.o(.text)
    TIM1_CC_IRQHandler                       0x080001c7   Thumb Code     0  startup_stm32f103xb.o(.text)
    TIM1_TRG_COM_IRQHandler                  0x080001c7   Thumb Code     0  startup_stm32f103xb.o(.text)
    TIM1_UP_IRQHandler                       0x080001c7   Thumb Code     0  startup_stm32f103xb.o(.text)
    TIM2_IRQHandler                          0x080001c7   Thumb Code     0  startup_stm32f103xb.o(.text)
    TIM3_IRQHandler                          0x080001c7   Thumb Code     0  startup_stm32f103xb.o(.text)
    TIM4_IRQHandler                          0x080001c7   Thumb Code     0  startup_stm32f103xb.o(.text)
    USART1_IRQHandler                        0x080001c7   Thumb Code     0  startup_stm32f103xb.o(.text)
    USART3_IRQHandler                        0x080001c7   Thumb Code     0  startup_stm32f103xb.o(.text)
    USBWakeUp_IRQHandler                     0x080001c7   Thumb Code     0  startup_stm32f103xb.o(.text)
    USB_HP_CAN1_TX_IRQHandler                0x080001c7   Thumb Code     0  startup_stm32f103xb.o(.text)
    USB_LP_CAN1_RX0_IRQHandler               0x080001c7   Thumb Code     0  startup_stm32f103xb.o(.text)
    WWDG_IRQHandler                          0x080001c7   Thumb Code     0  startup_stm32f103xb.o(.text)
    __user_initial_stackheap                 0x080001c9   Thumb Code     0  startup_stm32f103xb.o(.text)
    __2sprintf                               0x080001ed   Thumb Code    34  noretval__2sprintf.o(.text)
    _printf_str                              0x08000215   Thumb Code    82  _printf_str.o(.text)
    _printf_int_dec                          0x08000269   Thumb Code   104  _printf_dec.o(.text)
    __printf                                 0x080002e1   Thumb Code   270  __printf_wp.o(.text)
    strlen                                   0x080003ef   Thumb Code    62  strlen.o(.text)
    __aeabi_memclr4                          0x0800042d   Thumb Code     0  rt_memclr_w.o(.text)
    __aeabi_memclr8                          0x0800042d   Thumb Code     0  rt_memclr_w.o(.text)
    __rt_memclr_w                            0x0800042d   Thumb Code    78  rt_memclr_w.o(.text)
    _memset_w                                0x08000431   Thumb Code     0  rt_memclr_w.o(.text)
    __use_two_region_memory                  0x0800047b   Thumb Code     2  heapauxi.o(.text)
    __rt_heap_escrow$2region                 0x0800047d   Thumb Code     2  heapauxi.o(.text)
    __rt_heap_expand$2region                 0x0800047f   Thumb Code     2  heapauxi.o(.text)
    __read_errno                             0x08000481   Thumb Code    10  _rserrno.o(.text)
    __set_errno                              0x0800048b   Thumb Code    12  _rserrno.o(.text)
    _printf_int_common                       0x08000497   Thumb Code   178  _printf_intcommon.o(.text)
    __lib_sel_fp_printf                      0x08000549   Thumb Code     2  _printf_fp_dec.o(.text)
    _printf_fp_dec_real                      0x080006fb   Thumb Code   620  _printf_fp_dec.o(.text)
    _printf_char_common                      0x08000973   Thumb Code    32  _printf_char_common.o(.text)
    _sputc                                   0x08000999   Thumb Code    10  _sputc.o(.text)
    _printf_cs_common                        0x080009a3   Thumb Code    20  _printf_char.o(.text)
    _printf_char                             0x080009b7   Thumb Code    16  _printf_char.o(.text)
    _printf_string                           0x080009c7   Thumb Code     8  _printf_char.o(.text)
    __rt_locale                              0x080009d1   Thumb Code     8  rt_locale_intlibspace.o(.text)
    __aeabi_errno_addr                       0x080009d9   Thumb Code     8  rt_errno_addr_intlibspace.o(.text)
    __errno$intlibspace                      0x080009d9   Thumb Code     0  rt_errno_addr_intlibspace.o(.text)
    __rt_errno_addr$intlibspace              0x080009d9   Thumb Code     0  rt_errno_addr_intlibspace.o(.text)
    _ll_udiv10                               0x080009e1   Thumb Code   138  lludiv10.o(.text)
    _printf_fp_infnan                        0x08000a6d   Thumb Code   112  _printf_fp_infnan.o(.text)
    _btod_etento                             0x08000aed   Thumb Code   224  bigflt0.o(.text)
    __user_libspace                          0x08000bd1   Thumb Code     8  libspace.o(.text)
    __user_perproc_libspace                  0x08000bd1   Thumb Code     0  libspace.o(.text)
    __user_perthread_libspace                0x08000bd1   Thumb Code     0  libspace.o(.text)
    __user_setup_stackheap                   0x08000bd9   Thumb Code    74  sys_stackheap_outer.o(.text)
    exit                                     0x08000c23   Thumb Code    18  exit.o(.text)
    strcmp                                   0x08000c35   Thumb Code   128  strcmpv7m.o(.text)
    _sys_exit                                0x08000cb5   Thumb Code     8  sys_exit.o(.text)
    __I$use$semihosting                      0x08000cc1   Thumb Code     0  use_no_semi.o(.text)
    __use_no_semihosting_swi                 0x08000cc1   Thumb Code     2  use_no_semi.o(.text)
    __semihosting_library_function           0x08000cc3   Thumb Code     0  indicate_semi.o(.text)
    _btod_d2e                                0x08000cc3   Thumb Code    62  btod.o(CL$$btod_d2e)
    _d2e_denorm_low                          0x08000d01   Thumb Code    70  btod.o(CL$$btod_d2e_denorm_low)
    _d2e_norm_op1                            0x08000d47   Thumb Code    96  btod.o(CL$$btod_d2e_norm_op1)
    __btod_div_common                        0x08000da7   Thumb Code   696  btod.o(CL$$btod_div_common)
    _e2e                                     0x080010df   Thumb Code   220  btod.o(CL$$btod_e2e)
    _btod_ediv                               0x080011bb   Thumb Code    42  btod.o(CL$$btod_ediv)
    _btod_emul                               0x080011e5   Thumb Code    42  btod.o(CL$$btod_emul)
    __btod_mult_common                       0x0800120f   Thumb Code   580  btod.o(CL$$btod_mult_common)
    ADC_ConversionStop_Disable               0x08001455   Thumb Code    86  stm32f1xx_hal_adc.o(i.ADC_ConversionStop_Disable)
    ADC_Enable                               0x080014ad   Thumb Code   114  stm32f1xx_hal_adc.o(i.ADC_Enable)
    BUZZER_Close                             0x08001529   Thumb Code    10  buzzer.o(i.BUZZER_Close)
    BUZZER_Open                              0x08001539   Thumb Code    10  buzzer.o(i.BUZZER_Open)
    BusFault_Handler                         0x08001549   Thumb Code     2  stm32f1xx_it.o(i.BusFault_Handler)
    DHT11_Get                                0x0800154d   Thumb Code   280  dht11.o(i.DHT11_Get)
    DebugMon_Handler                         0x0800166d   Thumb Code     2  stm32f1xx_it.o(i.DebugMon_Handler)
    Delay_US                                 0x08001671   Thumb Code    36  delay.o(i.Delay_US)
    EEPROM_Read                              0x08001699   Thumb Code    52  eeprom.o(i.EEPROM_Read)
    EEPROM_Write                             0x080016d1   Thumb Code    36  eeprom.o(i.EEPROM_Write)
    EXTI9_5_IRQHandler                       0x080016f9   Thumb Code     6  stm32f1xx_it.o(i.EXTI9_5_IRQHandler)
    Error_Handler                            0x080016ff   Thumb Code     4  main.o(i.Error_Handler)
    FAN_Close                                0x08001705   Thumb Code    10  fan.o(i.FAN_Close)
    FAN_Open                                 0x08001715   Thumb Code    10  fan.o(i.FAN_Open)
    Get_Every                                0x08001725   Thumb Code    18  led_pro.o(i.Get_Every)
    HAL_ADCEx_Calibration_Start              0x0800173d   Thumb Code   210  stm32f1xx_hal_adc_ex.o(i.HAL_ADCEx_Calibration_Start)
    HAL_ADC_ConfigChannel                    0x08001815   Thumb Code   240  stm32f1xx_hal_adc.o(i.HAL_ADC_ConfigChannel)
    HAL_ADC_GetValue                         0x08001911   Thumb Code     6  stm32f1xx_hal_adc.o(i.HAL_ADC_GetValue)
    HAL_ADC_Init                             0x08001919   Thumb Code   272  stm32f1xx_hal_adc.o(i.HAL_ADC_Init)
    HAL_ADC_MspInit                          0x08001a35   Thumb Code   118  adc.o(i.HAL_ADC_MspInit)
    HAL_ADC_PollForConversion                0x08001abd   Thumb Code   304  stm32f1xx_hal_adc.o(i.HAL_ADC_PollForConversion)
    HAL_ADC_Start                            0x08001bf9   Thumb Code   184  stm32f1xx_hal_adc.o(i.HAL_ADC_Start)
    HAL_ADC_Stop                             0x08001cb9   Thumb Code    52  stm32f1xx_hal_adc.o(i.HAL_ADC_Stop)
    HAL_DMA_Abort                            0x08001ced   Thumb Code    70  stm32f1xx_hal_dma.o(i.HAL_DMA_Abort)
    HAL_DMA_Abort_IT                         0x08001d35   Thumb Code   148  stm32f1xx_hal_dma.o(i.HAL_DMA_Abort_IT)
    HAL_Delay                                0x08001dcd   Thumb Code    32  stm32f1xx_hal.o(i.HAL_Delay)
    HAL_GPIO_EXTI_Callback                   0x08001df1   Thumb Code     4  gpio.o(i.HAL_GPIO_EXTI_Callback)
    HAL_GPIO_EXTI_IRQHandler                 0x08001df5   Thumb Code    18  stm32f1xx_hal_gpio.o(i.HAL_GPIO_EXTI_IRQHandler)
    HAL_GPIO_Init                            0x08001e0d   Thumb Code   446  stm32f1xx_hal_gpio.o(i.HAL_GPIO_Init)
    HAL_GPIO_ReadPin                         0x08001fed   Thumb Code    10  stm32f1xx_hal_gpio.o(i.HAL_GPIO_ReadPin)
    HAL_GPIO_WritePin                        0x08001ff7   Thumb Code    10  stm32f1xx_hal_gpio.o(i.HAL_GPIO_WritePin)
    HAL_GetTick                              0x08002001   Thumb Code     6  stm32f1xx_hal.o(i.HAL_GetTick)
    HAL_I2C_Init                             0x0800200d   Thumb Code   376  stm32f1xx_hal_i2c.o(i.HAL_I2C_Init)
    HAL_I2C_Master_Receive                   0x08002195   Thumb Code   576  stm32f1xx_hal_i2c.o(i.HAL_I2C_Master_Receive)
    HAL_I2C_Master_Transmit                  0x080023e5   Thumb Code   290  stm32f1xx_hal_i2c.o(i.HAL_I2C_Master_Transmit)
    HAL_I2C_MspInit                          0x08002511   Thumb Code    80  i2c.o(i.HAL_I2C_MspInit)
    HAL_IncTick                              0x0800256d   Thumb Code    12  stm32f1xx_hal.o(i.HAL_IncTick)
    HAL_Init                                 0x0800257d   Thumb Code    32  stm32f1xx_hal.o(i.HAL_Init)
    HAL_InitTick                             0x080025a1   Thumb Code    54  stm32f1xx_hal.o(i.HAL_InitTick)
    HAL_MspInit                              0x080025e1   Thumb Code    38  stm32f1xx_hal_msp.o(i.HAL_MspInit)
    HAL_NVIC_EnableIRQ                       0x0800260d   Thumb Code    26  stm32f1xx_hal_cortex.o(i.HAL_NVIC_EnableIRQ)
    HAL_NVIC_SetPriority                     0x08002629   Thumb Code    60  stm32f1xx_hal_cortex.o(i.HAL_NVIC_SetPriority)
    HAL_NVIC_SetPriorityGrouping             0x08002669   Thumb Code    26  stm32f1xx_hal_cortex.o(i.HAL_NVIC_SetPriorityGrouping)
    HAL_RCCEx_GetPeriphCLKFreq               0x0800268d   Thumb Code   148  stm32f1xx_hal_rcc_ex.o(i.HAL_RCCEx_GetPeriphCLKFreq)
    HAL_RCCEx_PeriphCLKConfig                0x08002731   Thumb Code   224  stm32f1xx_hal_rcc_ex.o(i.HAL_RCCEx_PeriphCLKConfig)
    HAL_RCC_ClockConfig                      0x0800281d   Thumb Code   280  stm32f1xx_hal_rcc.o(i.HAL_RCC_ClockConfig)
    HAL_RCC_GetPCLK1Freq                     0x08002949   Thumb Code    20  stm32f1xx_hal_rcc.o(i.HAL_RCC_GetPCLK1Freq)
    HAL_RCC_GetPCLK2Freq                     0x08002969   Thumb Code    20  stm32f1xx_hal_rcc.o(i.HAL_RCC_GetPCLK2Freq)
    HAL_RCC_GetSysClockFreq                  0x08002989   Thumb Code    58  stm32f1xx_hal_rcc.o(i.HAL_RCC_GetSysClockFreq)
    HAL_RCC_OscConfig                        0x080029d5   Thumb Code   778  stm32f1xx_hal_rcc.o(i.HAL_RCC_OscConfig)
    HAL_SYSTICK_Config                       0x08002cf5   Thumb Code    40  stm32f1xx_hal_cortex.o(i.HAL_SYSTICK_Config)
    HAL_TIMEx_MasterConfigSynchronization    0x08002d1d   Thumb Code    92  stm32f1xx_hal_tim_ex.o(i.HAL_TIMEx_MasterConfigSynchronization)
    HAL_TIM_Base_Init                        0x08002d85   Thumb Code    90  stm32f1xx_hal_tim.o(i.HAL_TIM_Base_Init)
    HAL_TIM_Base_MspInit                     0x08002de1   Thumb Code    52  tim.o(i.HAL_TIM_Base_MspInit)
    HAL_TIM_Base_Start                       0x08002e1d   Thumb Code    66  stm32f1xx_hal_tim.o(i.HAL_TIM_Base_Start)
    HAL_TIM_Base_Stop                        0x08002e6d   Thumb Code    38  stm32f1xx_hal_tim.o(i.HAL_TIM_Base_Stop)
    HAL_TIM_ConfigClockSource                0x08002e93   Thumb Code   220  stm32f1xx_hal_tim.o(i.HAL_TIM_ConfigClockSource)
    HAL_TIM_MspPostInit                      0x08002f71   Thumb Code    62  tim.o(i.HAL_TIM_MspPostInit)
    HAL_TIM_PWM_ConfigChannel                0x08002fbd   Thumb Code   204  stm32f1xx_hal_tim.o(i.HAL_TIM_PWM_ConfigChannel)
    HAL_TIM_PWM_Init                         0x08003089   Thumb Code    90  stm32f1xx_hal_tim.o(i.HAL_TIM_PWM_Init)
    HAL_TIM_PWM_MspInit                      0x080030e3   Thumb Code     2  stm32f1xx_hal_tim.o(i.HAL_TIM_PWM_MspInit)
    HAL_TIM_PWM_Start                        0x080030e5   Thumb Code   144  stm32f1xx_hal_tim.o(i.HAL_TIM_PWM_Start)
    HAL_UARTEx_RxEventCallback               0x08003181   Thumb Code     2  stm32f1xx_hal_uart.o(i.HAL_UARTEx_RxEventCallback)
    HAL_UART_ErrorCallback                   0x08003183   Thumb Code     2  stm32f1xx_hal_uart.o(i.HAL_UART_ErrorCallback)
    HAL_UART_IRQHandler                      0x08003185   Thumb Code   616  stm32f1xx_hal_uart.o(i.HAL_UART_IRQHandler)
    HAL_UART_Init                            0x080033f1   Thumb Code   100  stm32f1xx_hal_uart.o(i.HAL_UART_Init)
    HAL_UART_MspInit                         0x08003455   Thumb Code   114  usart.o(i.HAL_UART_MspInit)
    HAL_UART_Receive_IT                      0x080034d5   Thumb Code    28  stm32f1xx_hal_uart.o(i.HAL_UART_Receive_IT)
    HAL_UART_RxCpltCallback                  0x080034f1   Thumb Code   228  usart.o(i.HAL_UART_RxCpltCallback)
    HAL_UART_Transmit                        0x080035dd   Thumb Code   160  stm32f1xx_hal_uart.o(i.HAL_UART_Transmit)
    HAL_UART_TxCpltCallback                  0x0800367d   Thumb Code     2  stm32f1xx_hal_uart.o(i.HAL_UART_TxCpltCallback)
    HardFault_Handler                        0x0800367f   Thumb Code     2  stm32f1xx_it.o(i.HardFault_Handler)
    LED_Close                                0x08003aa5   Thumb Code    10  led.o(i.LED_Close)
    LED_Open                                 0x08003ab5   Thumb Code    10  led.o(i.LED_Open)
    LED_PRO_Mode                             0x08003ac5   Thumb Code   120  led_pro.o(i.LED_PRO_Mode)
    LED_PRO_Open                             0x08003b61   Thumb Code    30  led_pro.o(i.LED_PRO_Open)
    LED_Pro_Init                             0x08003b85   Thumb Code     8  led_pro.o(i.LED_Pro_Init)
    Light_Get                                0x08003b91   Thumb Code    34  light.o(i.Light_Get)
    Light_Init                               0x08003bb9   Thumb Code     6  light.o(i.Light_Init)
    MX_ADC1_Init                             0x08003bc5   Thumb Code    70  adc.o(i.MX_ADC1_Init)
    MX_ADC2_Init                             0x08003c15   Thumb Code    70  adc.o(i.MX_ADC2_Init)
    MX_GPIO_Init                             0x08003c65   Thumb Code   152  gpio.o(i.MX_GPIO_Init)
    MX_I2C1_Init                             0x08003d09   Thumb Code    50  i2c.o(i.MX_I2C1_Init)
    MX_TIM2_Init                             0x08003d49   Thumb Code    96  tim.o(i.MX_TIM2_Init)
    MX_TIM3_Init                             0x08003dad   Thumb Code   144  tim.o(i.MX_TIM3_Init)
    MX_USART2_UART_Init                      0x08003e45   Thumb Code    54  usart.o(i.MX_USART2_UART_Init)
    Maikong_Init                             0x08003e89   Thumb Code     6  maikong.o(i.Maikong_Init)
    MemManage_Handler                        0x08003e95   Thumb Code     2  stm32f1xx_it.o(i.MemManage_Handler)
    NMI_Handler                              0x08003e97   Thumb Code     2  stm32f1xx_it.o(i.NMI_Handler)
    PendSV_Handler                           0x08003e99   Thumb Code     2  stm32f1xx_it.o(i.PendSV_Handler)
    SVC_Handler                              0x08003e9b   Thumb Code     2  stm32f1xx_it.o(i.SVC_Handler)
    Set_Mode                                 0x08003e9d   Thumb Code    12  led_pro.o(i.Set_Mode)
    Set_Tick                                 0x08003ead   Thumb Code    12  led_pro.o(i.Set_Tick)
    Set_hao                                  0x08003ebd   Thumb Code    12  led_pro.o(i.Set_hao)
    SysTick_Handler                          0x08003ecd   Thumb Code     4  stm32f1xx_it.o(i.SysTick_Handler)
    SystemClock_Config                       0x08003ed1   Thumb Code   120  main.o(i.SystemClock_Config)
    SystemInit                               0x08003f49   Thumb Code     2  system_stm32f1xx.o(i.SystemInit)
    TIM_Base_SetConfig                       0x08003f4d   Thumb Code   108  stm32f1xx_hal_tim.o(i.TIM_Base_SetConfig)
    TIM_CCxChannelCmd                        0x08003fc5   Thumb Code    26  stm32f1xx_hal_tim.o(i.TIM_CCxChannelCmd)
    TIM_ETR_SetConfig                        0x08003fdf   Thumb Code    20  stm32f1xx_hal_tim.o(i.TIM_ETR_SetConfig)
    TIM_OC2_SetConfig                        0x08004055   Thumb Code    84  stm32f1xx_hal_tim.o(i.TIM_OC2_SetConfig)
    UART_Start_Receive_IT                    0x08004369   Thumb Code    54  stm32f1xx_hal_uart.o(i.UART_Start_Receive_IT)
    USART2_IRQHandler                        0x08004411   Thumb Code     6  stm32f1xx_it.o(i.USART2_IRQHandler)
    UsageFault_Handler                       0x0800441d   Thumb Code     2  stm32f1xx_it.o(i.UsageFault_Handler)
    Volume_Get                               0x08004421   Thumb Code    34  maikong.o(i.Volume_Get)
    __ARM_fpclassify                         0x08004449   Thumb Code    40  fpclassify.o(i.__ARM_fpclassify)
    __ieee754_rem_pio2                       0x08004491   Thumb Code   828  rred.o(i.__ieee754_rem_pio2)
    __kernel_cos                             0x08004819   Thumb Code   230  cos_i.o(i.__kernel_cos)
    __kernel_poly                            0x08004915   Thumb Code   170  poly.o(i.__kernel_poly)
    __kernel_sin                             0x080049c1   Thumb Code   224  sin_i.o(i.__kernel_sin)
    __mathlib_dbl_infnan                     0x08004aad   Thumb Code     6  dunder.o(i.__mathlib_dbl_infnan)
    __mathlib_dbl_invalid                    0x08004ab3   Thumb Code    12  dunder.o(i.__mathlib_dbl_invalid)
    __mathlib_dbl_underflow                  0x08004ac1   Thumb Code    10  dunder.o(i.__mathlib_dbl_underflow)
    _is_digit                                0x08004ad1   Thumb Code    14  __printf_wp.o(i._is_digit)
    main                                     0x08004ae1   Thumb Code   302  main.o(i.main)
    sin                                      0x08004c65   Thumb Code   150  sin.o(i.sin)
    _get_lc_numeric                          0x08004d05   Thumb Code    44  lc_numeric_c.o(locale$$code)
    __aeabi_d2f                              0x08004d31   Thumb Code     0  d2f.o(x$fpl$d2f)
    _d2f                                     0x08004d31   Thumb Code    98  d2f.o(x$fpl$d2f)
    __aeabi_dadd                             0x08004d95   Thumb Code     0  daddsub_clz.o(x$fpl$dadd)
    _dadd                                    0x08004d95   Thumb Code   332  daddsub_clz.o(x$fpl$dadd)
    __fpl_dcheck_NaN1                        0x08004ee5   Thumb Code    10  dcheck1.o(x$fpl$dcheck1)
    __aeabi_ddiv                             0x08004ef5   Thumb Code     0  ddiv.o(x$fpl$ddiv)
    _ddiv                                    0x08004ef5   Thumb Code   552  ddiv.o(x$fpl$ddiv)
    __aeabi_d2iz                             0x080051a5   Thumb Code     0  dfix.o(x$fpl$dfix)
    _dfix                                    0x080051a5   Thumb Code    94  dfix.o(x$fpl$dfix)
    __aeabi_i2d                              0x08005203   Thumb Code     0  dflt_clz.o(x$fpl$dflt)
    _dflt                                    0x08005203   Thumb Code    46  dflt_clz.o(x$fpl$dflt)
    __aeabi_ui2d                             0x08005231   Thumb Code     0  dflt_clz.o(x$fpl$dfltu)
    _dfltu                                   0x08005231   Thumb Code    38  dflt_clz.o(x$fpl$dfltu)
    __aeabi_dmul                             0x08005259   Thumb Code     0  dmul.o(x$fpl$dmul)
    _dmul                                    0x08005259   Thumb Code   332  dmul.o(x$fpl$dmul)
    __fpl_dnaninf                            0x080053ad   Thumb Code   156  dnaninf.o(x$fpl$dnaninf)
    __fpl_dretinf                            0x08005449   Thumb Code    12  dretinf.o(x$fpl$dretinf)
    __aeabi_drsub                            0x08005455   Thumb Code     0  daddsub_clz.o(x$fpl$drsb)
    _drsb                                    0x08005455   Thumb Code    22  daddsub_clz.o(x$fpl$drsb)
    __aeabi_dsub                             0x0800546d   Thumb Code     0  daddsub_clz.o(x$fpl$dsub)
    _dsub                                    0x0800546d   Thumb Code   464  daddsub_clz.o(x$fpl$dsub)
    __aeabi_f2d                              0x08005641   Thumb Code     0  f2d.o(x$fpl$f2d)
    _f2d                                     0x08005641   Thumb Code    86  f2d.o(x$fpl$f2d)
    __aeabi_f2uiz                            0x08005699   Thumb Code     0  ffixu.o(x$fpl$ffixu)
    _ffixu                                   0x08005699   Thumb Code    62  ffixu.o(x$fpl$ffixu)
    __aeabi_fmul                             0x080056d9   Thumb Code     0  fmul.o(x$fpl$fmul)
    _fmul                                    0x080056d9   Thumb Code   258  fmul.o(x$fpl$fmul)
    __fpl_fnaninf                            0x080057db   Thumb Code   140  fnaninf.o(x$fpl$fnaninf)
    __fpl_fretinf                            0x08005867   Thumb Code    10  fretinf.o(x$fpl$fretinf)
    _printf_fp_dec                           0x08005871   Thumb Code     4  printf1.o(x$fpl$printf1)
    __fpl_return_NaN                         0x08005875   Thumb Code   100  retnan.o(x$fpl$retnan)
    __ARM_scalbn                             0x080058d9   Thumb Code    92  scalbn.o(x$fpl$scalbn)
    __fpl_cmpreturn                          0x08005935   Thumb Code    48  trapv.o(x$fpl$trapveneer)
    __I$use$fp                               0x08005964   Number         0  usenofp.o(x$fpl$usenofp)
    AHBPrescTable                            0x08005988   Data          16  system_stm32f1xx.o(.constdata)
    APBPrescTable                            0x08005998   Data           8  system_stm32f1xx.o(.constdata)
    Region$$Table$$Base                      0x08005b54   Number         0  anon$$obj.o(Region$$Table)
    Region$$Table$$Limit                     0x08005b74   Number         0  anon$$obj.o(Region$$Table)
    uwTickFreq                               0x20000004   Data           1  stm32f1xx_hal.o(.data)
    uwTickPrio                               0x20000008   Data           4  stm32f1xx_hal.o(.data)
    uwTick                                   0x2000000c   Data           4  stm32f1xx_hal.o(.data)
    SystemCoreClock                          0x20000010   Data           4  system_stm32f1xx.o(.data)
    hadc1                                    0x20000014   Data          48  adc.o(.bss)
    hadc2                                    0x20000044   Data          48  adc.o(.bss)
    hi2c1                                    0x20000074   Data          84  i2c.o(.bss)
    htim2                                    0x200000c8   Data          72  tim.o(.bss)
    htim3                                    0x20000110   Data          72  tim.o(.bss)
    huart2                                   0x20000158   Data          72  usart.o(.bss)
    __libspace_start                         0x200001a0   Data          96  libspace.o(.bss)
    __temporary_stack_top$libspace           0x20000200   Data           0  libspace.o(.bss)



==============================================================================

Memory Map of the image

  Image Entry point : 0x080000ed

  Load Region LR_IROM1 (Base: 0x08000000, Size: 0x00005ba4, Max: 0x00020000, ABSOLUTE)

    Execution Region ER_IROM1 (Exec base: 0x08000000, Load base: 0x08000000, Size: 0x00005b90, Max: 0x00020000, ABSOLUTE)

    Exec Addr    Load Addr    Size         Type   Attr      Idx    E Section Name        Object

    0x08000000   0x08000000   0x000000ec   Data   RO            3    RESET               startup_stm32f103xb.o
    0x080000ec   0x080000ec   0x00000008   Code   RO         3981  * !!!main             c_w.l(__main.o)
    0x080000f4   0x080000f4   0x00000034   Code   RO         4292    !!!scatter          c_w.l(__scatter.o)
    0x08000128   0x08000128   0x0000001a   Code   RO         4294    !!handler_copy      c_w.l(__scatter_copy.o)
    0x08000142   0x08000142   0x00000002   PAD
    0x08000144   0x08000144   0x0000001c   Code   RO         4296    !!handler_zi        c_w.l(__scatter_zi.o)
    0x08000160   0x08000160   0x00000000   Code   RO         3974    .ARM.Collect$$_printf_percent$$00000000  c_w.l(_printf_percent.o)
    0x08000160   0x08000160   0x00000006   Code   RO         3973    .ARM.Collect$$_printf_percent$$00000003  c_w.l(_printf_f.o)
    0x08000166   0x08000166   0x00000006   Code   RO         3972    .ARM.Collect$$_printf_percent$$0000000A  c_w.l(_printf_u.o)
    0x0800016c   0x0800016c   0x00000006   Code   RO         3971    .ARM.Collect$$_printf_percent$$00000014  c_w.l(_printf_s.o)
    0x08000172   0x08000172   0x00000004   Code   RO         4036    .ARM.Collect$$_printf_percent$$00000017  c_w.l(_printf_percent_end.o)
    0x08000176   0x08000176   0x00000002   Code   RO         4161    .ARM.Collect$$libinit$$00000000  c_w.l(libinit.o)
    0x08000178   0x08000178   0x00000000   Code   RO         4163    .ARM.Collect$$libinit$$00000002  c_w.l(libinit2.o)
    0x08000178   0x08000178   0x00000000   Code   RO         4165    .ARM.Collect$$libinit$$00000004  c_w.l(libinit2.o)
    0x08000178   0x08000178   0x00000000   Code   RO         4168    .ARM.Collect$$libinit$$0000000A  c_w.l(libinit2.o)
    0x08000178   0x08000178   0x00000000   Code   RO         4170    .ARM.Collect$$libinit$$0000000C  c_w.l(libinit2.o)
    0x08000178   0x08000178   0x00000000   Code   RO         4172    .ARM.Collect$$libinit$$0000000E  c_w.l(libinit2.o)
    0x08000178   0x08000178   0x00000006   Code   RO         4173    .ARM.Collect$$libinit$$0000000F  c_w.l(libinit2.o)
    0x0800017e   0x0800017e   0x00000000   Code   RO         4175    .ARM.Collect$$libinit$$00000011  c_w.l(libinit2.o)
    0x0800017e   0x0800017e   0x00000000   Code   RO         4177    .ARM.Collect$$libinit$$00000013  c_w.l(libinit2.o)
    0x0800017e   0x0800017e   0x00000000   Code   RO         4179    .ARM.Collect$$libinit$$00000015  c_w.l(libinit2.o)
    0x0800017e   0x0800017e   0x0000000a   Code   RO         4180    .ARM.Collect$$libinit$$00000016  c_w.l(libinit2.o)
    0x08000188   0x08000188   0x00000000   Code   RO         4181    .ARM.Collect$$libinit$$00000017  c_w.l(libinit2.o)
    0x08000188   0x08000188   0x00000000   Code   RO         4183    .ARM.Collect$$libinit$$00000019  c_w.l(libinit2.o)
    0x08000188   0x08000188   0x00000000   Code   RO         4185    .ARM.Collect$$libinit$$0000001B  c_w.l(libinit2.o)
    0x08000188   0x08000188   0x00000000   Code   RO         4187    .ARM.Collect$$libinit$$0000001D  c_w.l(libinit2.o)
    0x08000188   0x08000188   0x00000000   Code   RO         4189    .ARM.Collect$$libinit$$0000001F  c_w.l(libinit2.o)
    0x08000188   0x08000188   0x00000000   Code   RO         4191    .ARM.Collect$$libinit$$00000021  c_w.l(libinit2.o)
    0x08000188   0x08000188   0x00000000   Code   RO         4193    .ARM.Collect$$libinit$$00000023  c_w.l(libinit2.o)
    0x08000188   0x08000188   0x00000000   Code   RO         4195    .ARM.Collect$$libinit$$00000025  c_w.l(libinit2.o)
    0x08000188   0x08000188   0x00000000   Code   RO         4199    .ARM.Collect$$libinit$$0000002C  c_w.l(libinit2.o)
    0x08000188   0x08000188   0x00000000   Code   RO         4201    .ARM.Collect$$libinit$$0000002E  c_w.l(libinit2.o)
    0x08000188   0x08000188   0x00000000   Code   RO         4203    .ARM.Collect$$libinit$$00000030  c_w.l(libinit2.o)
    0x08000188   0x08000188   0x00000000   Code   RO         4205    .ARM.Collect$$libinit$$00000032  c_w.l(libinit2.o)
    0x08000188   0x08000188   0x00000002   Code   RO         4206    .ARM.Collect$$libinit$$00000033  c_w.l(libinit2.o)
    0x0800018a   0x0800018a   0x00000002   Code   RO         4238    .ARM.Collect$$libshutdown$$00000000  c_w.l(libshutdown.o)
    0x0800018c   0x0800018c   0x00000000   Code   RO         4249    .ARM.Collect$$libshutdown$$00000002  c_w.l(libshutdown2.o)
    0x0800018c   0x0800018c   0x00000000   Code   RO         4251    .ARM.Collect$$libshutdown$$00000004  c_w.l(libshutdown2.o)
    0x0800018c   0x0800018c   0x00000000   Code   RO         4253    .ARM.Collect$$libshutdown$$00000006  c_w.l(libshutdown2.o)
    0x0800018c   0x0800018c   0x00000000   Code   RO         4256    .ARM.Collect$$libshutdown$$00000009  c_w.l(libshutdown2.o)
    0x0800018c   0x0800018c   0x00000000   Code   RO         4259    .ARM.Collect$$libshutdown$$0000000C  c_w.l(libshutdown2.o)
    0x0800018c   0x0800018c   0x00000000   Code   RO         4261    .ARM.Collect$$libshutdown$$0000000E  c_w.l(libshutdown2.o)
    0x0800018c   0x0800018c   0x00000000   Code   RO         4264    .ARM.Collect$$libshutdown$$00000011  c_w.l(libshutdown2.o)
    0x0800018c   0x0800018c   0x00000002   Code   RO         4265    .ARM.Collect$$libshutdown$$00000012  c_w.l(libshutdown2.o)
    0x0800018e   0x0800018e   0x00000000   Code   RO         4023    .ARM.Collect$$rtentry$$00000000  c_w.l(__rtentry.o)
    0x0800018e   0x0800018e   0x00000000   Code   RO         4077    .ARM.Collect$$rtentry$$00000002  c_w.l(__rtentry2.o)
    0x0800018e   0x0800018e   0x00000006   Code   RO         4089    .ARM.Collect$$rtentry$$00000004  c_w.l(__rtentry4.o)
    0x08000194   0x08000194   0x00000000   Code   RO         4079    .ARM.Collect$$rtentry$$00000009  c_w.l(__rtentry2.o)
    0x08000194   0x08000194   0x00000004   Code   RO         4080    .ARM.Collect$$rtentry$$0000000A  c_w.l(__rtentry2.o)
    0x08000198   0x08000198   0x00000000   Code   RO         4082    .ARM.Collect$$rtentry$$0000000C  c_w.l(__rtentry2.o)
    0x08000198   0x08000198   0x00000008   Code   RO         4083    .ARM.Collect$$rtentry$$0000000D  c_w.l(__rtentry2.o)
    0x080001a0   0x080001a0   0x00000002   Code   RO         4209    .ARM.Collect$$rtexit$$00000000  c_w.l(rtexit.o)
    0x080001a2   0x080001a2   0x00000000   Code   RO         4216    .ARM.Collect$$rtexit$$00000002  c_w.l(rtexit2.o)
    0x080001a2   0x080001a2   0x00000004   Code   RO         4217    .ARM.Collect$$rtexit$$00000003  c_w.l(rtexit2.o)
    0x080001a6   0x080001a6   0x00000006   Code   RO         4218    .ARM.Collect$$rtexit$$00000004  c_w.l(rtexit2.o)
    0x080001ac   0x080001ac   0x00000040   Code   RO            4    .text               startup_stm32f103xb.o
    0x080001ec   0x080001ec   0x00000028   Code   RO         3943    .text               c_w.l(noretval__2sprintf.o)
    0x08000214   0x08000214   0x00000052   Code   RO         3947    .text               c_w.l(_printf_str.o)
    0x08000266   0x08000266   0x00000002   PAD
    0x08000268   0x08000268   0x00000078   Code   RO         3949    .text               c_w.l(_printf_dec.o)
    0x080002e0   0x080002e0   0x0000010e   Code   RO         3959    .text               c_w.l(__printf_wp.o)
    0x080003ee   0x080003ee   0x0000003e   Code   RO         3975    .text               c_w.l(strlen.o)
    0x0800042c   0x0800042c   0x0000004e   Code   RO         3977    .text               c_w.l(rt_memclr_w.o)
    0x0800047a   0x0800047a   0x00000006   Code   RO         3979    .text               c_w.l(heapauxi.o)
    0x08000480   0x08000480   0x00000016   Code   RO         4024    .text               c_w.l(_rserrno.o)
    0x08000496   0x08000496   0x000000b2   Code   RO         4026    .text               c_w.l(_printf_intcommon.o)
    0x08000548   0x08000548   0x0000041e   Code   RO         4028    .text               c_w.l(_printf_fp_dec.o)
    0x08000966   0x08000966   0x00000002   PAD
    0x08000968   0x08000968   0x00000030   Code   RO         4030    .text               c_w.l(_printf_char_common.o)
    0x08000998   0x08000998   0x0000000a   Code   RO         4032    .text               c_w.l(_sputc.o)
    0x080009a2   0x080009a2   0x0000002c   Code   RO         4034    .text               c_w.l(_printf_char.o)
    0x080009ce   0x080009ce   0x00000002   PAD
    0x080009d0   0x080009d0   0x00000008   Code   RO         4094    .text               c_w.l(rt_locale_intlibspace.o)
    0x080009d8   0x080009d8   0x00000008   Code   RO         4099    .text               c_w.l(rt_errno_addr_intlibspace.o)
    0x080009e0   0x080009e0   0x0000008a   Code   RO         4101    .text               c_w.l(lludiv10.o)
    0x08000a6a   0x08000a6a   0x00000002   PAD
    0x08000a6c   0x08000a6c   0x00000080   Code   RO         4103    .text               c_w.l(_printf_fp_infnan.o)
    0x08000aec   0x08000aec   0x000000e4   Code   RO         4107    .text               c_w.l(bigflt0.o)
    0x08000bd0   0x08000bd0   0x00000008   Code   RO         4147    .text               c_w.l(libspace.o)
    0x08000bd8   0x08000bd8   0x0000004a   Code   RO         4150    .text               c_w.l(sys_stackheap_outer.o)
    0x08000c22   0x08000c22   0x00000012   Code   RO         4152    .text               c_w.l(exit.o)
    0x08000c34   0x08000c34   0x00000080   Code   RO         4154    .text               c_w.l(strcmpv7m.o)
    0x08000cb4   0x08000cb4   0x0000000c   Code   RO         4228    .text               c_w.l(sys_exit.o)
    0x08000cc0   0x08000cc0   0x00000002   Code   RO         4239    .text               c_w.l(use_no_semi.o)
    0x08000cc2   0x08000cc2   0x00000000   Code   RO         4241    .text               c_w.l(indicate_semi.o)
    0x08000cc2   0x08000cc2   0x0000003e   Code   RO         4110    CL$$btod_d2e        c_w.l(btod.o)
    0x08000d00   0x08000d00   0x00000046   Code   RO         4112    CL$$btod_d2e_denorm_low  c_w.l(btod.o)
    0x08000d46   0x08000d46   0x00000060   Code   RO         4111    CL$$btod_d2e_norm_op1  c_w.l(btod.o)
    0x08000da6   0x08000da6   0x00000338   Code   RO         4120    CL$$btod_div_common  c_w.l(btod.o)
    0x080010de   0x080010de   0x000000dc   Code   RO         4117    CL$$btod_e2e        c_w.l(btod.o)
    0x080011ba   0x080011ba   0x0000002a   Code   RO         4114    CL$$btod_ediv       c_w.l(btod.o)
    0x080011e4   0x080011e4   0x0000002a   Code   RO         4113    CL$$btod_emul       c_w.l(btod.o)
    0x0800120e   0x0800120e   0x00000244   Code   RO         4119    CL$$btod_mult_common  c_w.l(btod.o)
    0x08001452   0x08001452   0x00000002   PAD
    0x08001454   0x08001454   0x00000056   Code   RO          876    i.ADC_ConversionStop_Disable  stm32f1xx_hal_adc.o
    0x080014aa   0x080014aa   0x00000002   PAD
    0x080014ac   0x080014ac   0x0000007c   Code   RO          880    i.ADC_Enable        stm32f1xx_hal_adc.o
    0x08001528   0x08001528   0x00000010   Code   RO          648    i.BUZZER_Close      buzzer.o
    0x08001538   0x08001538   0x00000010   Code   RO          649    i.BUZZER_Open       buzzer.o
    0x08001548   0x08001548   0x00000002   Code   RO          536    i.BusFault_Handler  stm32f1xx_it.o
    0x0800154a   0x0800154a   0x00000002   PAD
    0x0800154c   0x0800154c   0x00000120   Code   RO          178    i.DHT11_Get         dht11.o
    0x0800166c   0x0800166c   0x00000002   Code   RO          537    i.DebugMon_Handler  stm32f1xx_it.o
    0x0800166e   0x0800166e   0x00000002   PAD
    0x08001670   0x08001670   0x00000028   Code   RO          147    i.Delay_US          delay.o
    0x08001698   0x08001698   0x00000038   Code   RO          810    i.EEPROM_Read       eeprom.o
    0x080016d0   0x080016d0   0x00000028   Code   RO          811    i.EEPROM_Write      eeprom.o
    0x080016f8   0x080016f8   0x00000006   Code   RO          538    i.EXTI9_5_IRQHandler  stm32f1xx_it.o
    0x080016fe   0x080016fe   0x00000004   Code   RO          247    i.Error_Handler     main.o
    0x08001702   0x08001702   0x00000002   PAD
    0x08001704   0x08001704   0x00000010   Code   RO          780    i.FAN_Close         fan.o
    0x08001714   0x08001714   0x00000010   Code   RO          781    i.FAN_Open          fan.o
    0x08001724   0x08001724   0x00000018   Code   RO          712    i.Get_Every         led_pro.o
    0x0800173c   0x0800173c   0x000000d8   Code   RO         1056    i.HAL_ADCEx_Calibration_Start  stm32f1xx_hal_adc_ex.o
    0x08001814   0x08001814   0x000000fc   Code   RO          882    i.HAL_ADC_ConfigChannel  stm32f1xx_hal_adc.o
    0x08001910   0x08001910   0x00000006   Code   RO          889    i.HAL_ADC_GetValue  stm32f1xx_hal_adc.o
    0x08001916   0x08001916   0x00000002   PAD
    0x08001918   0x08001918   0x0000011c   Code   RO          891    i.HAL_ADC_Init      stm32f1xx_hal_adc.o
    0x08001a34   0x08001a34   0x00000088   Code   RO          338    i.HAL_ADC_MspInit   adc.o
    0x08001abc   0x08001abc   0x0000013c   Code   RO          895    i.HAL_ADC_PollForConversion  stm32f1xx_hal_adc.o
    0x08001bf8   0x08001bf8   0x000000c0   Code   RO          897    i.HAL_ADC_Start     stm32f1xx_hal_adc.o
    0x08001cb8   0x08001cb8   0x00000034   Code   RO          900    i.HAL_ADC_Stop      stm32f1xx_hal_adc.o
    0x08001cec   0x08001cec   0x00000046   Code   RO         1533    i.HAL_DMA_Abort     stm32f1xx_hal_dma.o
    0x08001d32   0x08001d32   0x00000002   PAD
    0x08001d34   0x08001d34   0x00000098   Code   RO         1534    i.HAL_DMA_Abort_IT  stm32f1xx_hal_dma.o
    0x08001dcc   0x08001dcc   0x00000024   Code   RO         1159    i.HAL_Delay         stm32f1xx_hal.o
    0x08001df0   0x08001df0   0x00000004   Code   RO          304    i.HAL_GPIO_EXTI_Callback  gpio.o
    0x08001df4   0x08001df4   0x00000018   Code   RO         1468    i.HAL_GPIO_EXTI_IRQHandler  stm32f1xx_hal_gpio.o
    0x08001e0c   0x08001e0c   0x000001e0   Code   RO         1469    i.HAL_GPIO_Init     stm32f1xx_hal_gpio.o
    0x08001fec   0x08001fec   0x0000000a   Code   RO         1471    i.HAL_GPIO_ReadPin  stm32f1xx_hal_gpio.o
    0x08001ff6   0x08001ff6   0x0000000a   Code   RO         1473    i.HAL_GPIO_WritePin  stm32f1xx_hal_gpio.o
    0x08002000   0x08002000   0x0000000c   Code   RO         1163    i.HAL_GetTick       stm32f1xx_hal.o
    0x0800200c   0x0800200c   0x00000188   Code   RO         2140    i.HAL_I2C_Init      stm32f1xx_hal_i2c.o
    0x08002194   0x08002194   0x00000250   Code   RO         2146    i.HAL_I2C_Master_Receive  stm32f1xx_hal_i2c.o
    0x080023e4   0x080023e4   0x0000012c   Code   RO         2153    i.HAL_I2C_Master_Transmit  stm32f1xx_hal_i2c.o
    0x08002510   0x08002510   0x0000005c   Code   RO          386    i.HAL_I2C_MspInit   i2c.o
    0x0800256c   0x0800256c   0x00000010   Code   RO         1169    i.HAL_IncTick       stm32f1xx_hal.o
    0x0800257c   0x0800257c   0x00000024   Code   RO         1170    i.HAL_Init          stm32f1xx_hal.o
    0x080025a0   0x080025a0   0x00000040   Code   RO         1171    i.HAL_InitTick      stm32f1xx_hal.o
    0x080025e0   0x080025e0   0x0000002c   Code   RO          624    i.HAL_MspInit       stm32f1xx_hal_msp.o
    0x0800260c   0x0800260c   0x0000001a   Code   RO         1629    i.HAL_NVIC_EnableIRQ  stm32f1xx_hal_cortex.o
    0x08002626   0x08002626   0x00000002   PAD
    0x08002628   0x08002628   0x00000040   Code   RO         1635    i.HAL_NVIC_SetPriority  stm32f1xx_hal_cortex.o
    0x08002668   0x08002668   0x00000024   Code   RO         1636    i.HAL_NVIC_SetPriorityGrouping  stm32f1xx_hal_cortex.o
    0x0800268c   0x0800268c   0x000000a4   Code   RO         1430    i.HAL_RCCEx_GetPeriphCLKFreq  stm32f1xx_hal_rcc_ex.o
    0x08002730   0x08002730   0x000000ec   Code   RO         1431    i.HAL_RCCEx_PeriphCLKConfig  stm32f1xx_hal_rcc_ex.o
    0x0800281c   0x0800281c   0x0000012c   Code   RO         1327    i.HAL_RCC_ClockConfig  stm32f1xx_hal_rcc.o
    0x08002948   0x08002948   0x00000020   Code   RO         1334    i.HAL_RCC_GetPCLK1Freq  stm32f1xx_hal_rcc.o
    0x08002968   0x08002968   0x00000020   Code   RO         1335    i.HAL_RCC_GetPCLK2Freq  stm32f1xx_hal_rcc.o
    0x08002988   0x08002988   0x0000004c   Code   RO         1336    i.HAL_RCC_GetSysClockFreq  stm32f1xx_hal_rcc.o
    0x080029d4   0x080029d4   0x00000320   Code   RO         1339    i.HAL_RCC_OscConfig  stm32f1xx_hal_rcc.o
    0x08002cf4   0x08002cf4   0x00000028   Code   RO         1640    i.HAL_SYSTICK_Config  stm32f1xx_hal_cortex.o
    0x08002d1c   0x08002d1c   0x00000068   Code   RO         3291    i.HAL_TIMEx_MasterConfigSynchronization  stm32f1xx_hal_tim_ex.o
    0x08002d84   0x08002d84   0x0000005a   Code   RO         2568    i.HAL_TIM_Base_Init  stm32f1xx_hal_tim.o
    0x08002dde   0x08002dde   0x00000002   PAD
    0x08002de0   0x08002de0   0x0000003c   Code   RO          428    i.HAL_TIM_Base_MspInit  tim.o
    0x08002e1c   0x08002e1c   0x00000050   Code   RO         2571    i.HAL_TIM_Base_Start  stm32f1xx_hal_tim.o
    0x08002e6c   0x08002e6c   0x00000026   Code   RO         2574    i.HAL_TIM_Base_Stop  stm32f1xx_hal_tim.o
    0x08002e92   0x08002e92   0x000000dc   Code   RO         2577    i.HAL_TIM_ConfigClockSource  stm32f1xx_hal_tim.o
    0x08002f6e   0x08002f6e   0x00000002   PAD
    0x08002f70   0x08002f70   0x0000004c   Code   RO          429    i.HAL_TIM_MspPostInit  tim.o
    0x08002fbc   0x08002fbc   0x000000cc   Code   RO         2640    i.HAL_TIM_PWM_ConfigChannel  stm32f1xx_hal_tim.o
    0x08003088   0x08003088   0x0000005a   Code   RO         2643    i.HAL_TIM_PWM_Init  stm32f1xx_hal_tim.o
    0x080030e2   0x080030e2   0x00000002   Code   RO         2645    i.HAL_TIM_PWM_MspInit  stm32f1xx_hal_tim.o
    0x080030e4   0x080030e4   0x0000009c   Code   RO         2648    i.HAL_TIM_PWM_Start  stm32f1xx_hal_tim.o
    0x08003180   0x08003180   0x00000002   Code   RO         3551    i.HAL_UARTEx_RxEventCallback  stm32f1xx_hal_uart.o
    0x08003182   0x08003182   0x00000002   Code   RO         3565    i.HAL_UART_ErrorCallback  stm32f1xx_hal_uart.o
    0x08003184   0x08003184   0x0000026c   Code   RO         3568    i.HAL_UART_IRQHandler  stm32f1xx_hal_uart.o
    0x080033f0   0x080033f0   0x00000064   Code   RO         3569    i.HAL_UART_Init     stm32f1xx_hal_uart.o
    0x08003454   0x08003454   0x00000080   Code   RO          482    i.HAL_UART_MspInit  usart.o
    0x080034d4   0x080034d4   0x0000001c   Code   RO         3574    i.HAL_UART_Receive_IT  stm32f1xx_hal_uart.o
    0x080034f0   0x080034f0   0x000000ec   Code   RO          483    i.HAL_UART_RxCpltCallback  usart.o
    0x080035dc   0x080035dc   0x000000a0   Code   RO         3577    i.HAL_UART_Transmit  stm32f1xx_hal_uart.o
    0x0800367c   0x0800367c   0x00000002   Code   RO         3580    i.HAL_UART_TxCpltCallback  stm32f1xx_hal_uart.o
    0x0800367e   0x0800367e   0x00000002   Code   RO          539    i.HardFault_Handler  stm32f1xx_it.o
    0x08003680   0x08003680   0x0000002e   Code   RO         2183    i.I2C_IsAcknowledgeFailed  stm32f1xx_hal_i2c.o
    0x080036ae   0x080036ae   0x00000002   PAD
    0x080036b0   0x080036b0   0x000000ec   Code   RO         2186    i.I2C_MasterRequestRead  stm32f1xx_hal_i2c.o
    0x0800379c   0x0800379c   0x0000009c   Code   RO         2187    i.I2C_MasterRequestWrite  stm32f1xx_hal_i2c.o
    0x08003838   0x08003838   0x00000056   Code   RO         2198    i.I2C_WaitOnBTFFlagUntilTimeout  stm32f1xx_hal_i2c.o
    0x0800388e   0x0800388e   0x00000002   PAD
    0x08003890   0x08003890   0x00000090   Code   RO         2199    i.I2C_WaitOnFlagUntilTimeout  stm32f1xx_hal_i2c.o
    0x08003920   0x08003920   0x000000bc   Code   RO         2200    i.I2C_WaitOnMasterAddressFlagUntilTimeout  stm32f1xx_hal_i2c.o
    0x080039dc   0x080039dc   0x00000070   Code   RO         2201    i.I2C_WaitOnRXNEFlagUntilTimeout  stm32f1xx_hal_i2c.o
    0x08003a4c   0x08003a4c   0x00000056   Code   RO         2202    i.I2C_WaitOnTXEFlagUntilTimeout  stm32f1xx_hal_i2c.o
    0x08003aa2   0x08003aa2   0x00000002   PAD
    0x08003aa4   0x08003aa4   0x00000010   Code   RO          678    i.LED_Close         led.o
    0x08003ab4   0x08003ab4   0x00000010   Code   RO          679    i.LED_Open          led.o
    0x08003ac4   0x08003ac4   0x0000009c   Code   RO          713    i.LED_PRO_Mode      led_pro.o
    0x08003b60   0x08003b60   0x00000024   Code   RO          714    i.LED_PRO_Open      led_pro.o
    0x08003b84   0x08003b84   0x0000000c   Code   RO          716    i.LED_Pro_Init      led_pro.o
    0x08003b90   0x08003b90   0x00000028   Code   RO          214    i.Light_Get         light.o
    0x08003bb8   0x08003bb8   0x0000000c   Code   RO          215    i.Light_Init        light.o
    0x08003bc4   0x08003bc4   0x00000050   Code   RO          339    i.MX_ADC1_Init      adc.o
    0x08003c14   0x08003c14   0x00000050   Code   RO          340    i.MX_ADC2_Init      adc.o
    0x08003c64   0x08003c64   0x000000a4   Code   RO          305    i.MX_GPIO_Init      gpio.o
    0x08003d08   0x08003d08   0x00000040   Code   RO          387    i.MX_I2C1_Init      i2c.o
    0x08003d48   0x08003d48   0x00000064   Code   RO          430    i.MX_TIM2_Init      tim.o
    0x08003dac   0x08003dac   0x00000098   Code   RO          431    i.MX_TIM3_Init      tim.o
    0x08003e44   0x08003e44   0x00000044   Code   RO          484    i.MX_USART2_UART_Init  usart.o
    0x08003e88   0x08003e88   0x0000000c   Code   RO           13    i.Maikong_Init      maikong.o
    0x08003e94   0x08003e94   0x00000002   Code   RO          540    i.MemManage_Handler  stm32f1xx_it.o
    0x08003e96   0x08003e96   0x00000002   Code   RO          541    i.NMI_Handler       stm32f1xx_it.o
    0x08003e98   0x08003e98   0x00000002   Code   RO          542    i.PendSV_Handler    stm32f1xx_it.o
    0x08003e9a   0x08003e9a   0x00000002   Code   RO          543    i.SVC_Handler       stm32f1xx_it.o
    0x08003e9c   0x08003e9c   0x00000010   Code   RO          717    i.Set_Mode          led_pro.o
    0x08003eac   0x08003eac   0x00000010   Code   RO          718    i.Set_Tick          led_pro.o
    0x08003ebc   0x08003ebc   0x00000010   Code   RO          719    i.Set_hao           led_pro.o
    0x08003ecc   0x08003ecc   0x00000004   Code   RO          544    i.SysTick_Handler   stm32f1xx_it.o
    0x08003ed0   0x08003ed0   0x00000078   Code   RO          248    i.SystemClock_Config  main.o
    0x08003f48   0x08003f48   0x00000002   Code   RO         3903    i.SystemInit        system_stm32f1xx.o
    0x08003f4a   0x08003f4a   0x00000002   PAD
    0x08003f4c   0x08003f4c   0x00000078   Code   RO         2661    i.TIM_Base_SetConfig  stm32f1xx_hal_tim.o
    0x08003fc4   0x08003fc4   0x0000001a   Code   RO         2662    i.TIM_CCxChannelCmd  stm32f1xx_hal_tim.o
    0x08003fde   0x08003fde   0x00000014   Code   RO         2672    i.TIM_ETR_SetConfig  stm32f1xx_hal_tim.o
    0x08003ff2   0x08003ff2   0x00000010   Code   RO         2673    i.TIM_ITRx_SetConfig  stm32f1xx_hal_tim.o
    0x08004002   0x08004002   0x00000002   PAD
    0x08004004   0x08004004   0x00000050   Code   RO         2674    i.TIM_OC1_SetConfig  stm32f1xx_hal_tim.o
    0x08004054   0x08004054   0x00000058   Code   RO         2675    i.TIM_OC2_SetConfig  stm32f1xx_hal_tim.o
    0x080040ac   0x080040ac   0x00000058   Code   RO         2676    i.TIM_OC3_SetConfig  stm32f1xx_hal_tim.o
    0x08004104   0x08004104   0x00000044   Code   RO         2677    i.TIM_OC4_SetConfig  stm32f1xx_hal_tim.o
    0x08004148   0x08004148   0x00000022   Code   RO         2679    i.TIM_TI1_ConfigInputStage  stm32f1xx_hal_tim.o
    0x0800416a   0x0800416a   0x00000024   Code   RO         2681    i.TIM_TI2_ConfigInputStage  stm32f1xx_hal_tim.o
    0x0800418e   0x0800418e   0x00000010   Code   RO         3582    i.UART_DMAAbortOnError  stm32f1xx_hal_uart.o
    0x0800419e   0x0800419e   0x0000004e   Code   RO         3592    i.UART_EndRxTransfer  stm32f1xx_hal_uart.o
    0x080041ec   0x080041ec   0x000000c2   Code   RO         3594    i.UART_Receive_IT   stm32f1xx_hal_uart.o
    0x080042ae   0x080042ae   0x00000002   PAD
    0x080042b0   0x080042b0   0x000000b8   Code   RO         3595    i.UART_SetConfig    stm32f1xx_hal_uart.o
    0x08004368   0x08004368   0x00000036   Code   RO         3597    i.UART_Start_Receive_IT  stm32f1xx_hal_uart.o
    0x0800439e   0x0800439e   0x00000072   Code   RO         3598    i.UART_WaitOnFlagUntilTimeout  stm32f1xx_hal_uart.o
    0x08004410   0x08004410   0x0000000c   Code   RO          545    i.USART2_IRQHandler  stm32f1xx_it.o
    0x0800441c   0x0800441c   0x00000002   Code   RO          546    i.UsageFault_Handler  stm32f1xx_it.o
    0x0800441e   0x0800441e   0x00000002   PAD
    0x08004420   0x08004420   0x00000028   Code   RO           14    i.Volume_Get        maikong.o
    0x08004448   0x08004448   0x00000028   Code   RO         4143    i.__ARM_fpclassify  m_ws.l(fpclassify.o)
    0x08004470   0x08004470   0x00000020   Code   RO         1642    i.__NVIC_SetPriority  stm32f1xx_hal_cortex.o
    0x08004490   0x08004490   0x00000388   Code   RO         4065    i.__ieee754_rem_pio2  m_ws.l(rred.o)
    0x08004818   0x08004818   0x000000fc   Code   RO         4048    i.__kernel_cos      m_ws.l(cos_i.o)
    0x08004914   0x08004914   0x000000aa   Code   RO         4145    i.__kernel_poly     m_ws.l(poly.o)
    0x080049be   0x080049be   0x00000002   PAD
    0x080049c0   0x080049c0   0x000000ec   Code   RO         4070    i.__kernel_sin      m_ws.l(sin_i.o)
    0x08004aac   0x08004aac   0x00000006   Code   RO         4052    i.__mathlib_dbl_infnan  m_ws.l(dunder.o)
    0x08004ab2   0x08004ab2   0x0000000c   Code   RO         4054    i.__mathlib_dbl_invalid  m_ws.l(dunder.o)
    0x08004abe   0x08004abe   0x00000002   PAD
    0x08004ac0   0x08004ac0   0x00000010   Code   RO         4057    i.__mathlib_dbl_underflow  m_ws.l(dunder.o)
    0x08004ad0   0x08004ad0   0x0000000e   Code   RO         3961    i._is_digit         c_w.l(__printf_wp.o)
    0x08004ade   0x08004ade   0x00000002   PAD
    0x08004ae0   0x08004ae0   0x00000184   Code   RO          249    i.main              main.o
    0x08004c64   0x08004c64   0x000000a0   Code   RO         4016    i.sin               m_ws.l(sin.o)
    0x08004d04   0x08004d04   0x0000002c   Code   RO         4133    locale$$code        c_w.l(lc_numeric_c.o)
    0x08004d30   0x08004d30   0x00000062   Code   RO         3983    x$fpl$d2f           fz_ws.l(d2f.o)
    0x08004d92   0x08004d92   0x00000002   PAD
    0x08004d94   0x08004d94   0x00000150   Code   RO         3985    x$fpl$dadd          fz_ws.l(daddsub_clz.o)
    0x08004ee4   0x08004ee4   0x00000010   Code   RO         4037    x$fpl$dcheck1       fz_ws.l(dcheck1.o)
    0x08004ef4   0x08004ef4   0x000002b0   Code   RO         3992    x$fpl$ddiv          fz_ws.l(ddiv.o)
    0x080051a4   0x080051a4   0x0000005e   Code   RO         4135    x$fpl$dfix          fz_ws.l(dfix.o)
    0x08005202   0x08005202   0x0000002e   Code   RO         3996    x$fpl$dflt          fz_ws.l(dflt_clz.o)
    0x08005230   0x08005230   0x00000026   Code   RO         3995    x$fpl$dfltu         fz_ws.l(dflt_clz.o)
    0x08005256   0x08005256   0x00000002   PAD
    0x08005258   0x08005258   0x00000154   Code   RO         4001    x$fpl$dmul          fz_ws.l(dmul.o)
    0x080053ac   0x080053ac   0x0000009c   Code   RO         4039    x$fpl$dnaninf       fz_ws.l(dnaninf.o)
    0x08005448   0x08005448   0x0000000c   Code   RO         4041    x$fpl$dretinf       fz_ws.l(dretinf.o)
    0x08005454   0x08005454   0x00000016   Code   RO         3986    x$fpl$drsb          fz_ws.l(daddsub_clz.o)
    0x0800546a   0x0800546a   0x00000002   PAD
    0x0800546c   0x0800546c   0x000001d4   Code   RO         3987    x$fpl$dsub          fz_ws.l(daddsub_clz.o)
    0x08005640   0x08005640   0x00000056   Code   RO         4003    x$fpl$f2d           fz_ws.l(f2d.o)
    0x08005696   0x08005696   0x00000002   PAD
    0x08005698   0x08005698   0x0000003e   Code   RO         4005    x$fpl$ffixu         fz_ws.l(ffixu.o)
    0x080056d6   0x080056d6   0x00000002   PAD
    0x080056d8   0x080056d8   0x00000102   Code   RO         4009    x$fpl$fmul          fz_ws.l(fmul.o)
    0x080057da   0x080057da   0x0000008c   Code   RO         4043    x$fpl$fnaninf       fz_ws.l(fnaninf.o)
    0x08005866   0x08005866   0x0000000a   Code   RO         4045    x$fpl$fretinf       fz_ws.l(fretinf.o)
    0x08005870   0x08005870   0x00000004   Code   RO         4011    x$fpl$printf1       fz_ws.l(printf1.o)
    0x08005874   0x08005874   0x00000064   Code   RO         4141    x$fpl$retnan        fz_ws.l(retnan.o)
    0x080058d8   0x080058d8   0x0000005c   Code   RO         4013    x$fpl$scalbn        fz_ws.l(scalbn.o)
    0x08005934   0x08005934   0x00000030   Code   RO         4207    x$fpl$trapveneer    fz_ws.l(trapv.o)
    0x08005964   0x08005964   0x00000000   Code   RO         4047    x$fpl$usenofp       fz_ws.l(usenofp.o)
    0x08005964   0x08005964   0x00000012   Data   RO         1340    .constdata          stm32f1xx_hal_rcc.o
    0x08005976   0x08005976   0x00000012   Data   RO         1432    .constdata          stm32f1xx_hal_rcc_ex.o
    0x08005988   0x08005988   0x00000010   Data   RO         3904    .constdata          system_stm32f1xx.o
    0x08005998   0x08005998   0x00000008   Data   RO         3905    .constdata          system_stm32f1xx.o
    0x080059a0   0x080059a0   0x00000030   Data   RO         4049    .constdata          m_ws.l(cos_i.o)
    0x080059d0   0x080059d0   0x000000c8   Data   RO         4067    .constdata          m_ws.l(rred.o)
    0x08005a98   0x08005a98   0x00000028   Data   RO         4071    .constdata          m_ws.l(sin_i.o)
    0x08005ac0   0x08005ac0   0x00000094   Data   RO         4108    .constdata          c_w.l(bigflt0.o)
    0x08005b54   0x08005b54   0x00000020   Data   RO         4290    Region$$Table       anon$$obj.o
    0x08005b74   0x08005b74   0x0000001c   Data   RO         4132    locale$$data        c_w.l(lc_numeric_c.o)


    Execution Region RW_IRAM1 (Exec base: 0x20000000, Load base: 0x08005b90, Size: 0x00000800, Max: 0x00005000, ABSOLUTE)

    Exec Addr    Load Addr    Size         Type   Attr      Idx    E Section Name        Object

    0x20000000   0x08005b90   0x00000001   Data   RW          486    .data               usart.o
    0x20000001   0x08005b91   0x00000003   Data   RW          720    .data               led_pro.o
    0x20000004   0x08005b94   0x0000000c   Data   RW         1177    .data               stm32f1xx_hal.o
    0x20000010   0x08005ba0   0x00000004   Data   RW         3906    .data               system_stm32f1xx.o
    0x20000014        -       0x00000060   Zero   RW          341    .bss                adc.o
    0x20000074        -       0x00000054   Zero   RW          388    .bss                i2c.o
    0x200000c8        -       0x00000090   Zero   RW          432    .bss                tim.o
    0x20000158        -       0x00000048   Zero   RW          485    .bss                usart.o
    0x200001a0        -       0x00000060   Zero   RW         4148    .bss                c_w.l(libspace.o)
    0x20000200        -       0x00000200   Zero   RW            2    HEAP                startup_stm32f103xb.o
    0x20000400        -       0x00000400   Zero   RW            1    STACK               startup_stm32f103xb.o


==============================================================================

Image component sizes


      Code (inc. data)   RO Data    RW Data    ZI Data      Debug   Object Name

       296         38          0          0         96       2226   adc.o
        32         12          0          0          0        793   buzzer.o
        40          4          0          0          0        547   delay.o
       288          8          0          0          0       1360   dht11.o
        96          8          0          0          0       1429   eeprom.o
        32         12          0          0          0        771   fan.o
       168         12          0          0          0       1376   gpio.o
       156         26          0          0         84       1577   i2c.o
        32         12          0          0          0        775   led.o
       276         64          0          3          0       3945   led_pro.o
        52         12          0          0          0       1201   light.o
        52         12          0          0          0     455508   maikong.o
       512         86          0          0          0       2492   main.o
        64         26        236          0       1536        796   startup_stm32f103xb.o
       164         28          0         12          0       5793   stm32f1xx_hal.o
      1312         54          0          0          0       7115   stm32f1xx_hal_adc.o
       216          6          0          0          0       1406   stm32f1xx_hal_adc_ex.o
       198         14          0          0          0      28863   stm32f1xx_hal_cortex.o
       222          4          0          0          0       1731   stm32f1xx_hal_dma.o
       524         40          0          0          0       4042   stm32f1xx_hal_gpio.o
      2338         54          0          0          0      12414   stm32f1xx_hal_i2c.o
        44          6          0          0          0        806   stm32f1xx_hal_msp.o
      1240         84         18          0          0       5040   stm32f1xx_hal_rcc.o
       400         28         18          0          0       2429   stm32f1xx_hal_rcc_ex.o
      1456         58          0          0          0      13333   stm32f1xx_hal_tim.o
       104         12          0          0          0       1332   stm32f1xx_hal_tim_ex.o
      1554         10          0          0          0      10764   stm32f1xx_hal_uart.o
        38          6          0          0          0       4603   stm32f1xx_it.o
         2          0         24          4          0       1079   system_stm32f1xx.o
       388         34          0          0        144       2897   tim.o
       432         36          0          1         72       2424   usart.o

    ----------------------------------------------------------------------
     12760        806        328         20       1932     580867   Object Totals
         0          0         32          0          0          0   (incl. Generated)
        32          0          0          0          0          0   (incl. Padding)

    ----------------------------------------------------------------------

      Code (inc. data)   RO Data    RW Data    ZI Data      Debug   Library Member Name

         8          0          0          0          0         68   __main.o
       284          0          0          0          0        156   __printf_wp.o
         0          0          0          0          0          0   __rtentry.o
        12          0          0          0          0          0   __rtentry2.o
         6          0          0          0          0          0   __rtentry4.o
        52          8          0          0          0          0   __scatter.o
        26          0          0          0          0          0   __scatter_copy.o
        28          0          0          0          0          0   __scatter_zi.o
        44          0          0          0          0        108   _printf_char.o
        48          6          0          0          0         96   _printf_char_common.o
       120         16          0          0          0         92   _printf_dec.o
         6          0          0          0          0          0   _printf_f.o
      1054          0          0          0          0        216   _printf_fp_dec.o
       128         16          0          0          0         84   _printf_fp_infnan.o
       178          0          0          0          0         88   _printf_intcommon.o
         0          0          0          0          0          0   _printf_percent.o
         4          0          0          0          0          0   _printf_percent_end.o
         6          0          0          0          0          0   _printf_s.o
        82          0          0          0          0         80   _printf_str.o
         6          0          0          0          0          0   _printf_u.o
        22          0          0          0          0        100   _rserrno.o
        10          0          0          0          0         68   _sputc.o
       228          4        148          0          0         96   bigflt0.o
      1936        128          0          0          0        672   btod.o
        18          0          0          0          0         80   exit.o
         6          0          0          0          0        152   heapauxi.o
         0          0          0          0          0          0   indicate_semi.o
        44         10         28          0          0         76   lc_numeric_c.o
         2          0          0          0          0          0   libinit.o
        18          0          0          0          0          0   libinit2.o
         2          0          0          0          0          0   libshutdown.o
         2          0          0          0          0          0   libshutdown2.o
         8          4          0          0         96         68   libspace.o
       138          0          0          0          0         80   lludiv10.o
        40          6          0          0          0         84   noretval__2sprintf.o
         8          4          0          0          0         68   rt_errno_addr_intlibspace.o
         8          4          0          0          0         68   rt_locale_intlibspace.o
        78          0          0          0          0         80   rt_memclr_w.o
         2          0          0          0          0          0   rtexit.o
        10          0          0          0          0          0   rtexit2.o
       128          0          0          0          0         68   strcmpv7m.o
        62          0          0          0          0         76   strlen.o
        12          4          0          0          0         68   sys_exit.o
        74          0          0          0          0         80   sys_stackheap_outer.o
         2          0          0          0          0         68   use_no_semi.o
        98          4          0          0          0         92   d2f.o
       826         16          0          0          0        348   daddsub_clz.o
        16          4          0          0          0         68   dcheck1.o
       688        140          0          0          0        208   ddiv.o
        94          4          0          0          0         92   dfix.o
        84          0          0          0          0        136   dflt_clz.o
       340         12          0          0          0        104   dmul.o
       156          4          0          0          0         92   dnaninf.o
        12          0          0          0          0         68   dretinf.o
        86          4          0          0          0         84   f2d.o
        62          4          0          0          0         84   ffixu.o
       258          4          0          0          0         84   fmul.o
       140          4          0          0          0         84   fnaninf.o
        10          0          0          0          0         68   fretinf.o
         4          0          0          0          0         68   printf1.o
       100          0          0          0          0         68   retnan.o
        92          0          0          0          0         68   scalbn.o
        48          0          0          0          0         68   trapv.o
         0          0          0          0          0          0   usenofp.o
       252         22         48          0          0        124   cos_i.o
        34          6          0          0          0        204   dunder.o
        40          0          0          0          0         68   fpclassify.o
       170          0          0          0          0         96   poly.o
       904         76        200          0          0        140   rred.o
       160         10          0          0          0        108   sin.o
       236         12         40          0          0        128   sin_i.o

    ----------------------------------------------------------------------
      9888        536        464          0         96       5792   Library Totals
        28          0          0          0          0          0   (incl. Padding)

    ----------------------------------------------------------------------

      Code (inc. data)   RO Data    RW Data    ZI Data      Debug   Library Name

      4950        210        176          0         96       3040   c_w.l
      3114        200          0          0          0       1884   fz_ws.l
      1796        126        288          0          0        868   m_ws.l

    ----------------------------------------------------------------------
      9888        536        464          0         96       5792   Library Totals

    ----------------------------------------------------------------------

==============================================================================


      Code (inc. data)   RO Data    RW Data    ZI Data      Debug   

     22648       1342        792         20       2028     577191   Grand Totals
     22648       1342        792         20       2028     577191   ELF Image Totals
     22648       1342        792         20          0          0   ROM Totals

==============================================================================

    Total RO  Size (Code + RO Data)                23440 (  22.89kB)
    Total RW  Size (RW Data + ZI Data)              2048 (   2.00kB)
    Total ROM Size (Code + RO Data + RW Data)      23460 (  22.91kB)

==============================================================================

